Archive member included to satisfy reference by file (symbol)

/usr/lib/gcc/arm-none-eabi/10.3.1/thumb/v6-m/nofp/libgcc.a(_dvmd_tls.o)
                              CMakeFiles/rp2_flash_repl.dir/pico-sdk/src/rp2_common/pico_divider/divider_hardware.S.o (__aeabi_idiv0)
/usr/lib/gcc/arm-none-eabi/10.3.1/../../../arm-none-eabi/lib/thumb/v6-m/nofp/libg.a(lib_a-atexit.o)
                              /usr/lib/gcc/arm-none-eabi/10.3.1/../../../arm-none-eabi/lib/thumb/v6-m/nofp/crt0.o (atexit)
/usr/lib/gcc/arm-none-eabi/10.3.1/../../../arm-none-eabi/lib/thumb/v6-m/nofp/libg.a(lib_a-calloc.o)
                              CMakeFiles/rp2_flash_repl.dir/pico-sdk/src/rp2_common/pico_malloc/malloc.c.o (calloc)
/usr/lib/gcc/arm-none-eabi/10.3.1/../../../arm-none-eabi/lib/thumb/v6-m/nofp/libg.a(lib_a-callocr.o)
                              /usr/lib/gcc/arm-none-eabi/10.3.1/../../../arm-none-eabi/lib/thumb/v6-m/nofp/libg.a(lib_a-calloc.o) (_calloc_r)
/usr/lib/gcc/arm-none-eabi/10.3.1/../../../arm-none-eabi/lib/thumb/v6-m/nofp/libg.a(lib_a-fini.o)
                              /usr/lib/gcc/arm-none-eabi/10.3.1/../../../arm-none-eabi/lib/thumb/v6-m/nofp/crt0.o (__libc_fini_array)
/usr/lib/gcc/arm-none-eabi/10.3.1/../../../arm-none-eabi/lib/thumb/v6-m/nofp/libg.a(lib_a-impure.o)
                              /usr/lib/gcc/arm-none-eabi/10.3.1/../../../arm-none-eabi/lib/thumb/v6-m/nofp/libg.a(lib_a-calloc.o) (_impure_ptr)
/usr/lib/gcc/arm-none-eabi/10.3.1/../../../arm-none-eabi/lib/thumb/v6-m/nofp/libg.a(lib_a-init.o)
                              /usr/lib/gcc/arm-none-eabi/10.3.1/../../../arm-none-eabi/lib/thumb/v6-m/nofp/crt0.o (__libc_init_array)
/usr/lib/gcc/arm-none-eabi/10.3.1/../../../arm-none-eabi/lib/thumb/v6-m/nofp/libg.a(lib_a-lcltime_r.o)
                              CMakeFiles/rp2_flash_repl.dir/pico-sdk/src/common/pico_util/datetime.c.o (localtime_r)
/usr/lib/gcc/arm-none-eabi/10.3.1/../../../arm-none-eabi/lib/thumb/v6-m/nofp/libg.a(lib_a-malloc.o)
                              CMakeFiles/rp2_flash_repl.dir/pico-sdk/src/rp2_common/pico_malloc/malloc.c.o (malloc)
/usr/lib/gcc/arm-none-eabi/10.3.1/../../../arm-none-eabi/lib/thumb/v6-m/nofp/libg.a(lib_a-mallocr.o)
                              /usr/lib/gcc/arm-none-eabi/10.3.1/../../../arm-none-eabi/lib/thumb/v6-m/nofp/libg.a(lib_a-callocr.o) (_malloc_r)
/usr/lib/gcc/arm-none-eabi/10.3.1/../../../arm-none-eabi/lib/thumb/v6-m/nofp/libg.a(lib_a-memcmp.o)
                              CMakeFiles/rp2_flash_repl.dir/pico-sdk/src/rp2_common/pico_atomic/atomic.c.o (memcmp)
/usr/lib/gcc/arm-none-eabi/10.3.1/../../../arm-none-eabi/lib/thumb/v6-m/nofp/libg.a(lib_a-mktime.o)
                              CMakeFiles/rp2_flash_repl.dir/pico-sdk/src/common/pico_util/datetime.c.o (mktime)
/usr/lib/gcc/arm-none-eabi/10.3.1/../../../arm-none-eabi/lib/thumb/v6-m/nofp/libg.a(lib_a-mlock.o)
                              /usr/lib/gcc/arm-none-eabi/10.3.1/../../../arm-none-eabi/lib/thumb/v6-m/nofp/libg.a(lib_a-mallocr.o) (__malloc_lock)
/usr/lib/gcc/arm-none-eabi/10.3.1/../../../arm-none-eabi/lib/thumb/v6-m/nofp/libg.a(lib_a-month_lengths.o)
                              /usr/lib/gcc/arm-none-eabi/10.3.1/../../../arm-none-eabi/lib/thumb/v6-m/nofp/libg.a(lib_a-lcltime_r.o) (__month_lengths)
/usr/lib/gcc/arm-none-eabi/10.3.1/../../../arm-none-eabi/lib/thumb/v6-m/nofp/libg.a(lib_a-realloc.o)
                              CMakeFiles/rp2_flash_repl.dir/pico-sdk/src/rp2_common/pico_malloc/malloc.c.o (realloc)
/usr/lib/gcc/arm-none-eabi/10.3.1/../../../arm-none-eabi/lib/thumb/v6-m/nofp/libg.a(lib_a-reallocr.o)
                              /usr/lib/gcc/arm-none-eabi/10.3.1/../../../arm-none-eabi/lib/thumb/v6-m/nofp/libg.a(lib_a-realloc.o) (_realloc_r)
/usr/lib/gcc/arm-none-eabi/10.3.1/../../../arm-none-eabi/lib/thumb/v6-m/nofp/libg.a(lib_a-sbrkr.o)
                              /usr/lib/gcc/arm-none-eabi/10.3.1/../../../arm-none-eabi/lib/thumb/v6-m/nofp/libg.a(lib_a-mallocr.o) (_sbrk_r)
/usr/lib/gcc/arm-none-eabi/10.3.1/../../../arm-none-eabi/lib/thumb/v6-m/nofp/libg.a(lib_a-strlen-stub.o)
                              CMakeFiles/rp2_flash_repl.dir/pico-sdk/src/rp2_common/pico_stdio/stdio.c.o (strlen)
/usr/lib/gcc/arm-none-eabi/10.3.1/../../../arm-none-eabi/lib/thumb/v6-m/nofp/libg.a(lib_a-tzcalc_limits.o)
                              /usr/lib/gcc/arm-none-eabi/10.3.1/../../../arm-none-eabi/lib/thumb/v6-m/nofp/libg.a(lib_a-lcltime_r.o) (__tzcalc_limits)
/usr/lib/gcc/arm-none-eabi/10.3.1/../../../arm-none-eabi/lib/thumb/v6-m/nofp/libg.a(lib_a-tzlock.o)
                              /usr/lib/gcc/arm-none-eabi/10.3.1/../../../arm-none-eabi/lib/thumb/v6-m/nofp/libg.a(lib_a-lcltime_r.o) (__tz_lock)
/usr/lib/gcc/arm-none-eabi/10.3.1/../../../arm-none-eabi/lib/thumb/v6-m/nofp/libg.a(lib_a-tzset.o)
                              /usr/lib/gcc/arm-none-eabi/10.3.1/../../../arm-none-eabi/lib/thumb/v6-m/nofp/libg.a(lib_a-lcltime_r.o) (_tzset_unlocked)
[...]
Memory Configuration

Name             Origin             Length             Attributes
FLASH            0x0000000010000000 0x0000000000200000 xr
RAM              0x0000000020000000 0x0000000000040000 xrw
SCRATCH_X        0x0000000020040000 0x0000000000001000 xrw
SCRATCH_Y        0x0000000020041000 0x0000000000001000 xrw
*default*        0x0000000000000000 0xffffffffffffffff

Linker script and memory map

LOAD /usr/lib/gcc/arm-none-eabi/10.3.1/thumb/v6-m/nofp/crti.o
LOAD /usr/lib/gcc/arm-none-eabi/10.3.1/thumb/v6-m/nofp/crtbegin.o
LOAD /usr/lib/gcc/arm-none-eabi/10.3.1/../../../arm-none-eabi/lib/thumb/v6-m/nofp/crt0.o

.flash_begin    0x0000000010000000        0x0
                0x0000000010000000                __flash_binary_start = .

.boot2          0x0000000010000000      0x100
                0x0000000010000000                __boot2_start__ = .
 *(.boot2)
 .boot2         0x0000000010000000      0x100 pico-sdk/src/rp2040/boot_stage2/CMakeFiles/bs2_default_library.dir/bs2_default_padded_checksummed.S.o
                0x0000000010000100                __boot2_end__ = .
                0x0000000000000001                ASSERT (((__boot2_end__ - __boot2_start__) == 0x100), ERROR: Pico second stage bootloader must be 256 bytes in size)

.text           0x0000000010000100     0x78f4
                0x0000000010000100                __logical_binary_start = .
 *(.vectors)
 .vectors       0x0000000010000100       0xd4 CMakeFiles/rp2_flash_repl.dir/pico-sdk/src/rp2_common/pico_crt0/crt0.S.o
                0x0000000010000100                __vectors
                0x0000000010000100                __VECTOR_TABLE
                0x00000000100001c0                isr_irq30
                0x00000000100001c0                __unhandled_user_irq
                0x00000000100001c0                isr_irq13
                0x00000000100001c0                isr_irq27
                0x00000000100001c0                isr_irq31
                0x00000000100001c0                isr_irq5
                0x00000000100001c0                isr_irq11
                0x00000000100001c0                isr_irq23
                0x00000000100001c0                isr_irq18
                0x00000000100001c0                isr_irq28
                0x00000000100001c0                isr_irq19
                0x00000000100001c0                isr_irq0
                0x00000000100001c0                isr_irq6
                0x00000000100001c0                isr_irq22
                0x00000000100001c0                isr_irq17
                0x00000000100001c0                isr_irq14
                0x00000000100001c0                __vectors_end
                0x00000000100001c0                __default_isrs_start
                0x00000000100001c0                isr_irq2
                0x00000000100001c0                isr_irq10
                0x00000000100001c0                isr_irq8
                0x00000000100001c0                isr_irq24
                0x00000000100001c0                isr_irq1
                0x00000000100001c0                isr_irq7
                0x00000000100001c0                isr_irq21
                0x00000000100001c0                isr_irq20
                0x00000000100001c0                isr_irq15
                0x00000000100001c0                isr_irq25
                0x00000000100001c0                isr_irq4
                0x00000000100001c0                isr_irq16
                0x00000000100001c0                isr_irq29
                0x00000000100001c0                isr_irq26
                0x00000000100001c0                isr_irq3
                0x00000000100001c0                isr_irq12
                0x00000000100001c0                isr_irq9
                0x00000000100001c6                unhandled_user_irq_num_in_r0
                0x00000000100001c8                isr_invalid
                0x00000000100001ca                isr_nmi
                0x00000000100001cc                isr_hardfault
                0x00000000100001ce                isr_svcall
                0x00000000100001d0                isr_pendsv
                0x00000000100001d2                isr_systick
                0x00000000100001d4                __default_isrs_end
 *(.binary_info_header)
 .binary_info_header
                0x00000000100001d4       0x14 CMakeFiles/rp2_flash_repl.dir/pico-sdk/src/rp2_common/pico_crt0/crt0.S.o
                0x00000000100001e8                __binary_info_header_end = .
 *(.embedded_block)
                0x00000000100001e8                __embedded_block_end = .
 *(.reset)
 .reset         0x00000000100001e8       0x9c CMakeFiles/rp2_flash_repl.dir/pico-sdk/src/rp2_common/pico_crt0/crt0.S.o
                0x00000000100001e8                _entry_point
 *(.init)
 .init          0x0000000010000284        0x4 /usr/lib/gcc/arm-none-eabi/10.3.1/thumb/v6-m/nofp/crti.o
                0x0000000010000284                _init
 *(EXCLUDE_FILE(*libm.a: *libc.a:*lib_a-mem*.o *libgcc.a:) .text*)
 .text          0x0000000010000288       0x98 /usr/lib/gcc/arm-none-eabi/10.3.1/thumb/v6-m/nofp/crtbegin.o
 .text.repl_parse_newline
                0x0000000010000320       0x88 CMakeFiles/rp2_flash_repl.dir/main.c.o
 .text.startup.main
                0x00000000100003a8      0x45c CMakeFiles/rp2_flash_repl.dir/main.c.o
                0x00000000100003a8                main
 .text.ice_fpga_stop
                0x0000000010000804       0x1c CMakeFiles/rp2_flash_repl.dir/pico-ice-sdk/src/ice_fpga.c.o
                0x0000000010000804                ice_fpga_stop
 .text.ice_flash_erase_sector
                0x0000000010000820       0x94 CMakeFiles/rp2_flash_repl.dir/pico-ice-sdk/src/ice_flash.c.o
                0x0000000010000820                ice_flash_erase_sector
 .text.ice_flash_program_page
                0x00000000100008b4       0xa0 CMakeFiles/rp2_flash_repl.dir/pico-ice-sdk/src/ice_flash.c.o
                0x00000000100008b4                ice_flash_program_page
 .text.ice_flash_read
                0x0000000010000954       0x40 CMakeFiles/rp2_flash_repl.dir/pico-ice-sdk/src/ice_flash.c.o
                0x0000000010000954                ice_flash_read
 .text.ice_flash_wakeup
                0x0000000010000994       0x74 CMakeFiles/rp2_flash_repl.dir/pico-ice-sdk/src/ice_flash.c.o
                0x0000000010000994                ice_flash_wakeup
 .text.ice_flash_sleep
                0x0000000010000a08       0x74 CMakeFiles/rp2_flash_repl.dir/pico-ice-sdk/src/ice_flash.c.o
                0x0000000010000a08                ice_flash_sleep
 .text.ice_flash_init
                0x0000000010000a7c       0x94 CMakeFiles/rp2_flash_repl.dir/pico-ice-sdk/src/ice_flash.c.o
                0x0000000010000a7c                ice_flash_init
 .text.ice_hal_gpio_init
                0x0000000010000b10       0x24 CMakeFiles/rp2_flash_repl.dir/pico-ice-sdk/src/pico-sdk_ice_hal.c.o
                0x0000000010000b10                ice_hal_gpio_init
 .text.ice_hal_gpio_set_high_z
                0x0000000010000b34       0x18 CMakeFiles/rp2_flash_repl.dir/pico-ice-sdk/src/pico-sdk_ice_hal.c.o
                0x0000000010000b34                ice_hal_gpio_set_high_z
 .text.ice_hal_spi_init
                0x0000000010000b4c      0x2d0 CMakeFiles/rp2_flash_repl.dir/pico-ice-sdk/src/pico-sdk_ice_hal.c.o
                0x0000000010000b4c                ice_hal_spi_init
 .text.ice_hal_spi_write
                0x0000000010000e1c       0xd8 CMakeFiles/rp2_flash_repl.dir/pico-ice-sdk/src/pico-sdk_ice_hal.c.o
                0x0000000010000e1c                ice_hal_spi_write
 .text.ice_hal_spi_read
                0x0000000010000ef4       0x8c CMakeFiles/rp2_flash_repl.dir/pico-ice-sdk/src/pico-sdk_ice_hal.c.o
                0x0000000010000ef4                ice_hal_spi_read
 .text.ice_hal_gpio_set_pu
                0x0000000010000f80       0x10 CMakeFiles/rp2_flash_repl.dir/pico-ice-sdk/src/pico-sdk_ice_hal.c.o
                0x0000000010000f80                ice_hal_gpio_set_pu
 .text.ice_hal_gpio_set_1
                0x0000000010000f90       0x10 CMakeFiles/rp2_flash_repl.dir/pico-ice-sdk/src/pico-sdk_ice_hal.c.o
                0x0000000010000f90                ice_hal_gpio_set_1
 .text.ice_hal_gpio_set_0
                0x0000000010000fa0       0x10 CMakeFiles/rp2_flash_repl.dir/pico-ice-sdk/src/pico-sdk_ice_hal.c.o
                0x0000000010000fa0                ice_hal_gpio_set_0
 .text.flash_get_unique_id
                0x0000000010000fb0       0x40 CMakeFiles/rp2_flash_repl.dir/pico-sdk/src/rp2_common/hardware_flash/flash.c.o
                0x0000000010000fb0                flash_get_unique_id
 .text.rp2040_chip_version
                0x0000000010000ff0        0xc CMakeFiles/rp2_flash_repl.dir/pico-sdk/src/rp2040/pico_platform/platform.c.o
                0x0000000010000ff0                rp2040_chip_version
 .text.panic    0x0000000010000ffc       0x30 CMakeFiles/rp2_flash_repl.dir/pico-sdk/src/rp2_common/pico_platform_panic/panic.c.o
                0x0000000010000ffc                panic
 .text.hw_claim_lock
                0x000000001000102c       0x18 CMakeFiles/rp2_flash_repl.dir/pico-sdk/src/common/hardware_claim/claim.c.o
                0x000000001000102c                hw_claim_lock
 .text.hw_claim_unlock
                0x0000000010001044       0x14 CMakeFiles/rp2_flash_repl.dir/pico-sdk/src/common/hardware_claim/claim.c.o
                0x0000000010001044                hw_claim_unlock
 .text.hw_claim_or_assert
                0x0000000010001058       0x44 CMakeFiles/rp2_flash_repl.dir/pico-sdk/src/common/hardware_claim/claim.c.o
                0x0000000010001058                hw_claim_or_assert
 .text.hw_claim_unused_from_range
                0x000000001000109c       0x9c CMakeFiles/rp2_flash_repl.dir/pico-sdk/src/common/hardware_claim/claim.c.o
                0x000000001000109c                hw_claim_unused_from_range
 .text.next_striped_spin_lock_num
                0x0000000010001138       0x18 CMakeFiles/rp2_flash_repl.dir/pico-sdk/src/rp2_common/hardware_sync/sync.c.o
                0x0000000010001138                next_striped_spin_lock_num
 .text.spin_lock_claim_unused
                0x0000000010001150       0x20 CMakeFiles/rp2_flash_repl.dir/pico-sdk/src/rp2_common/hardware_sync/sync.c.o
                0x0000000010001150                spin_lock_claim_unused
 .text.spin_locks_reset
                0x0000000010001170       0x1c CMakeFiles/rp2_flash_repl.dir/pico-sdk/src/rp2_common/hardware_sync_spin_lock/sync_spin_lock.c.o
                0x0000000010001170                spin_locks_reset
 .text.rom_func_lookup
                0x000000001000118c       0x10 CMakeFiles/rp2_flash_repl.dir/pico-sdk/src/rp2_common/pico_bootrom/bootrom.c.o
                0x000000001000118c                rom_func_lookup
 .text.rom_data_lookup
                0x000000001000119c       0x10 CMakeFiles/rp2_flash_repl.dir/pico-sdk/src/rp2_common/pico_bootrom/bootrom.c.o
                0x000000001000119c                rom_data_lookup
 .text.rom_funcs_lookup
                0x00000000100011ac       0x44 CMakeFiles/rp2_flash_repl.dir/pico-sdk/src/rp2_common/pico_bootrom/bootrom.c.o
                0x00000000100011ac                rom_funcs_lookup
 .text.rom_reset_usb_boot_extra
                0x00000000100011f0       0x28 CMakeFiles/rp2_flash_repl.dir/pico-sdk/src/rp2_common/pico_bootrom/bootrom.c.o
                0x00000000100011f0                rom_reset_usb_boot_extra
 .text.sleep_until_callback
                0x0000000010001218       0x30 CMakeFiles/rp2_flash_repl.dir/pico-sdk/src/common/pico_time/time.c.o
 .text.alarm_pool_irq_handler
                0x0000000010001248      0x308 CMakeFiles/rp2_flash_repl.dir/pico-sdk/src/common/pico_time/time.c.o
 .text.runtime_init_default_alarm_pool
                0x0000000010001550       0xdc CMakeFiles/rp2_flash_repl.dir/pico-sdk/src/common/pico_time/time.c.o
                0x0000000010001550                runtime_init_default_alarm_pool
 .text.alarm_pool_get_default
                0x000000001000162c        0x8 CMakeFiles/rp2_flash_repl.dir/pico-sdk/src/common/pico_time/time.c.o
                0x000000001000162c                alarm_pool_get_default
 .text.alarm_pool_add_alarm_at
                0x0000000010001634       0xc8 CMakeFiles/rp2_flash_repl.dir/pico-sdk/src/common/pico_time/time.c.o
                0x0000000010001634                alarm_pool_add_alarm_at
 .text.alarm_pool_add_alarm_at_force_in_context
                0x00000000100016fc       0xb0 CMakeFiles/rp2_flash_repl.dir/pico-sdk/src/common/pico_time/time.c.o
                0x00000000100016fc                alarm_pool_add_alarm_at_force_in_context
 .text.alarm_pool_cancel_alarm
                0x00000000100017ac       0x7c CMakeFiles/rp2_flash_repl.dir/pico-sdk/src/common/pico_time/time.c.o
                0x00000000100017ac                alarm_pool_cancel_alarm
 .text.alarm_pool_core_num
                0x0000000010001828        0x4 CMakeFiles/rp2_flash_repl.dir/pico-sdk/src/common/pico_time/time.c.o
                0x0000000010001828                alarm_pool_core_num
 .text.best_effort_wfe_or_timeout
                0x000000001000182c       0xfc CMakeFiles/rp2_flash_repl.dir/pico-sdk/src/common/pico_time/time.c.o
                0x000000001000182c                best_effort_wfe_or_timeout
 .text.timer_hardware_alarm_claim
                0x0000000010001928       0x14 CMakeFiles/rp2_flash_repl.dir/pico-sdk/src/rp2_common/hardware_timer/timer.c.o
                0x0000000010001928                timer_hardware_alarm_claim
 .text.timer_time_us_64
                0x000000001000193c       0x10 CMakeFiles/rp2_flash_repl.dir/pico-sdk/src/rp2_common/hardware_timer/timer.c.o
                0x000000001000193c                timer_time_us_64
 .text.time_us_64
                0x000000001000194c       0x14 CMakeFiles/rp2_flash_repl.dir/pico-sdk/src/rp2_common/hardware_timer/timer.c.o
                0x000000001000194c                time_us_64
 .text.busy_wait_us
                0x0000000010001960       0x54 CMakeFiles/rp2_flash_repl.dir/pico-sdk/src/rp2_common/hardware_timer/timer.c.o
                0x0000000010001960                busy_wait_us
 .text.runtime_init_per_core_irq_priorities
                0x00000000100019b4       0x24 CMakeFiles/rp2_flash_repl.dir/pico-sdk/src/rp2_common/hardware_irq/irq.c.o
                0x00000000100019b4                runtime_init_per_core_irq_priorities
 .text.irq_set_enabled
                0x00000000100019d8       0x24 CMakeFiles/rp2_flash_repl.dir/pico-sdk/src/rp2_common/hardware_irq/irq.c.o
                0x00000000100019d8                irq_set_enabled
 .text.irq_is_enabled
                0x00000000100019fc       0x18 CMakeFiles/rp2_flash_repl.dir/pico-sdk/src/rp2_common/hardware_irq/irq.c.o
                0x00000000100019fc                irq_is_enabled
 .text.irq_set_pending
                0x0000000010001a14       0x10 CMakeFiles/rp2_flash_repl.dir/pico-sdk/src/rp2_common/hardware_irq/irq.c.o
                0x0000000010001a14                irq_set_pending
 .text.irq_has_shared_handler
                0x0000000010001a24       0x24 CMakeFiles/rp2_flash_repl.dir/pico-sdk/src/rp2_common/hardware_irq/irq.c.o
                0x0000000010001a24                irq_has_shared_handler
 .text.irq_set_exclusive_handler
                0x0000000010001a48       0x54 CMakeFiles/rp2_flash_repl.dir/pico-sdk/src/rp2_common/hardware_irq/irq.c.o
                0x0000000010001a48                irq_set_exclusive_handler
 .text.irq_add_shared_handler
                0x0000000010001a9c      0x1e8 CMakeFiles/rp2_flash_repl.dir/pico-sdk/src/rp2_common/hardware_irq/irq.c.o
                0x0000000010001a9c                irq_add_shared_handler
 .text.irq_add_tail_to_free_list
                0x0000000010001c84       0xb4 CMakeFiles/rp2_flash_repl.dir/pico-sdk/src/rp2_common/hardware_irq/irq.c.o
                0x0000000010001c84                irq_add_tail_to_free_list
 .text.user_irq_claim_unused
                0x0000000010001d38       0x28 CMakeFiles/rp2_flash_repl.dir/pico-sdk/src/rp2_common/hardware_irq/irq.c.o
                0x0000000010001d38                user_irq_claim_unused
 .text.lock_init
                0x0000000010001d60       0x10 CMakeFiles/rp2_flash_repl.dir/pico-sdk/src/common/pico_sync/lock_core.c.o
                0x0000000010001d60                lock_init
 .text.runtime_init_mutex
                0x0000000010001d70       0x58 CMakeFiles/rp2_flash_repl.dir/pico-sdk/src/common/pico_sync/mutex.c.o
                0x0000000010001d70                runtime_init_mutex
 .text.mutex_init
                0x0000000010001dc8       0x1c CMakeFiles/rp2_flash_repl.dir/pico-sdk/src/common/pico_sync/mutex.c.o
                0x0000000010001dc8                mutex_init
 .text.critical_section_init
                0x0000000010001de4       0x20 CMakeFiles/rp2_flash_repl.dir/pico-sdk/src/common/pico_sync/critical_section.c.o
                0x0000000010001de4                critical_section_init
 .text.critical_section_init_with_lock_num
                0x0000000010001e04       0x14 CMakeFiles/rp2_flash_repl.dir/pico-sdk/src/common/pico_sync/critical_section.c.o
                0x0000000010001e04                critical_section_init_with_lock_num
 .text.gpio_set_function
                0x0000000010001e18       0x34 CMakeFiles/rp2_flash_repl.dir/pico-sdk/src/rp2_common/hardware_gpio/gpio.c.o
                0x0000000010001e18                gpio_set_function
 .text.gpio_set_pulls
                0x0000000010001e4c       0x34 CMakeFiles/rp2_flash_repl.dir/pico-sdk/src/rp2_common/hardware_gpio/gpio.c.o
                0x0000000010001e4c                gpio_set_pulls
 .text.gpio_init
                0x0000000010001e80       0x40 CMakeFiles/rp2_flash_repl.dir/pico-sdk/src/rp2_common/hardware_gpio/gpio.c.o
                0x0000000010001e80                gpio_init
 .text.pio_claim_unused_sm
                0x0000000010001ec0       0x38 CMakeFiles/rp2_flash_repl.dir/pico-sdk/src/rp2_common/hardware_pio/pio.c.o
                0x0000000010001ec0                pio_claim_unused_sm
 .text.pio_can_add_program
                0x0000000010001ef8       0x6c CMakeFiles/rp2_flash_repl.dir/pico-sdk/src/rp2_common/hardware_pio/pio.c.o
                0x0000000010001ef8                pio_can_add_program
 .text.pio_add_program
                0x0000000010001f64       0xf4 CMakeFiles/rp2_flash_repl.dir/pico-sdk/src/rp2_common/hardware_pio/pio.c.o
                0x0000000010001f64                pio_add_program
 .text.pio_sm_set_consecutive_pindirs
                0x0000000010002058       0xbc CMakeFiles/rp2_flash_repl.dir/pico-sdk/src/rp2_common/hardware_pio/pio.c.o
                0x0000000010002058                pio_sm_set_consecutive_pindirs
 .text.pio_sm_init
                0x0000000010002114       0x94 CMakeFiles/rp2_flash_repl.dir/pico-sdk/src/rp2_common/hardware_pio/pio.c.o
                0x0000000010002114                pio_sm_init
 .text.spi_init
                0x00000000100021a8      0x134 CMakeFiles/rp2_flash_repl.dir/pico-sdk/src/rp2_common/hardware_spi/spi.c.o
                0x00000000100021a8                spi_init
 .text.clock_configure_int_divider
                0x00000000100022dc       0xf4 CMakeFiles/rp2_flash_repl.dir/pico-sdk/src/rp2_common/hardware_clocks/clocks.c.o
                0x00000000100022dc                clock_configure_int_divider
 .text.clock_configure_undivided
                0x00000000100023d0       0xe8 CMakeFiles/rp2_flash_repl.dir/pico-sdk/src/rp2_common/hardware_clocks/clocks.c.o
                0x00000000100023d0                clock_configure_undivided
 .text.clock_get_hz
                0x00000000100024b8        0xc CMakeFiles/rp2_flash_repl.dir/pico-sdk/src/rp2_common/hardware_clocks/clocks.c.o
                0x00000000100024b8                clock_get_hz
 .text.pll_init
                0x00000000100024c4       0xa0 CMakeFiles/rp2_flash_repl.dir/pico-sdk/src/rp2_common/hardware_pll/pll.c.o
                0x00000000100024c4                pll_init
 .text.watchdog_reboot
                0x0000000010002564       0x98 CMakeFiles/rp2_flash_repl.dir/pico-sdk/src/rp2_common/hardware_watchdog/watchdog.c.o
                0x0000000010002564                watchdog_reboot
 .text.tick_start
                0x00000000100025fc       0x10 CMakeFiles/rp2_flash_repl.dir/pico-sdk/src/rp2_common/hardware_ticks/ticks.c.o
                0x00000000100025fc                tick_start
 .text.xosc_init
                0x000000001000260c       0x28 CMakeFiles/rp2_flash_repl.dir/pico-sdk/src/rp2_common/hardware_xosc/xosc.c.o
                0x000000001000260c                xosc_init
 .text.first_per_core_initializer
                0x0000000010002634        0x4 CMakeFiles/rp2_flash_repl.dir/pico-sdk/src/rp2_common/pico_runtime/runtime.c.o
 .text.hard_assertion_failure
                0x0000000010002638        0xc CMakeFiles/rp2_flash_repl.dir/pico-sdk/src/rp2_common/pico_runtime/runtime.c.o
                0x0000000010002638                hard_assertion_failure
 .text.runtime_run_initializers
                0x0000000010002644       0x28 CMakeFiles/rp2_flash_repl.dir/pico-sdk/src/rp2_common/pico_runtime/runtime.c.o
                0x0000000010002644                runtime_run_initializers
 .text.runtime_init_early_resets
                0x000000001000266c       0x2c CMakeFiles/rp2_flash_repl.dir/pico-sdk/src/rp2_common/pico_runtime_init/runtime_init.c.o
                0x000000001000266c                runtime_init_early_resets
 .text.runtime_init_usb_power_down
                0x0000000010002698       0x1c CMakeFiles/rp2_flash_repl.dir/pico-sdk/src/rp2_common/pico_runtime_init/runtime_init.c.o
                0x0000000010002698                runtime_init_usb_power_down
 .text.runtime_init_post_clock_resets
                0x00000000100026b4       0x20 CMakeFiles/rp2_flash_repl.dir/pico-sdk/src/rp2_common/pico_runtime_init/runtime_init.c.o
                0x00000000100026b4                runtime_init_post_clock_resets
 .text.runtime_init_rp2040_gpio_ie_disable
                0x00000000100026d4       0x14 CMakeFiles/rp2_flash_repl.dir/pico-sdk/src/rp2_common/pico_runtime_init/runtime_init.c.o
                0x00000000100026d4                runtime_init_rp2040_gpio_ie_disable
 .text.runtime_init_spin_locks_reset
                0x00000000100026e8        0x8 CMakeFiles/rp2_flash_repl.dir/pico-sdk/src/rp2_common/pico_runtime_init/runtime_init.c.o
                0x00000000100026e8                runtime_init_spin_locks_reset
 .text.runtime_init_install_ram_vector_table
                0x00000000100026f0       0xcc CMakeFiles/rp2_flash_repl.dir/pico-sdk/src/rp2_common/pico_runtime_init/runtime_init.c.o
                0x00000000100026f0                runtime_init_install_ram_vector_table
 .text.runtime_init_clocks
                0x00000000100027bc       0xd8 CMakeFiles/rp2_flash_repl.dir/pico-sdk/src/rp2_common/pico_runtime_init/runtime_init_clocks.c.o
                0x00000000100027bc                runtime_init_clocks
 .text          0x0000000010002894       0x10 CMakeFiles/rp2_flash_repl.dir/pico-sdk/src/rp2_common/pico_bit_ops/bit_ops_aeabi.S.o
 .text.__wrap___aeabi_idiv
                0x00000000100028a4       0x50 CMakeFiles/rp2_flash_repl.dir/pico-sdk/src/rp2_common/pico_divider/divider_hardware.S.o
                0x00000000100028a4                __wrap___aeabi_idivmod
                0x00000000100028a4                divmod_s32s32
                0x00000000100028a4                div_s32s32
                0x00000000100028a4                __wrap___aeabi_idiv
                0x00000000100028ac                divmod_s32s32_unsafe
                0x00000000100028d8                divmod_s32s32_savestate
 .text.__wrap___aeabi_uidiv
                0x00000000100028f4       0x4c CMakeFiles/rp2_flash_repl.dir/pico-sdk/src/rp2_common/pico_divider/divider_hardware.S.o
                0x00000000100028f4                __wrap___aeabi_uidiv
                0x00000000100028f4                __wrap___aeabi_uidivmod
                0x00000000100028f4                div_u32u32
                0x00000000100028f4                divmod_u32u32
                0x00000000100028fc                divmod_u32u32_unsafe
                0x0000000010002924                divmod_u32u32_savestate
 .text.__wrap___aeabi_ldiv
                0x0000000010002940      0x424 CMakeFiles/rp2_flash_repl.dir/pico-sdk/src/rp2_common/pico_divider/divider_hardware.S.o
                0x0000000010002940                div_s64s64
                0x0000000010002940                divmod_s64s64
                0x0000000010002940                __wrap___aeabi_ldivmod
                0x0000000010002970                div_u64u64
                0x0000000010002970                divmod_u64u64
                0x0000000010002970                __wrap___aeabi_uldivmod
                0x0000000010002980                divmod_u64u64_savestate
                0x00000000100029a0                divmod_s64s64_unsafe
                0x0000000010002a28                divmod_u64u64_unsafe
 .text.__wrap___aeabi_darithmetic
                0x0000000010002d64       0x80 CMakeFiles/rp2_flash_repl.dir/pico-sdk/src/rp2_common/pico_double/double_aeabi_rp2040.S.o
                0x0000000010002d64                __wrap___aeabi_drsub
                0x0000000010002d6a                __wrap___aeabi_dsub
                0x0000000010002d7c                __wrap___aeabi_dadd
                0x0000000010002d8e                __wrap___aeabi_ddiv
                0x0000000010002dca                __wrap___aeabi_dmul
 .text.__wrap___aeabi_cdcmple
                0x0000000010002de4       0x6c CMakeFiles/rp2_flash_repl.dir/pico-sdk/src/rp2_common/pico_double/double_aeabi_rp2040.S.o
                0x0000000010002de4                __wrap___aeabi_cdrcmple
                0x0000000010002df4                __wrap___aeabi_cdcmple
                0x0000000010002df4                __wrap___aeabi_cdcmpeq
 .text.__wrap___aeabi_dcmplt
                0x0000000010002e50        0xc CMakeFiles/rp2_flash_repl.dir/pico-sdk/src/rp2_common/pico_double/double_aeabi_rp2040.S.o
                0x0000000010002e50                __wrap___aeabi_dcmplt
 .text.__wrap___aeabi_dcmple
                0x0000000010002e5c       0x10 CMakeFiles/rp2_flash_repl.dir/pico-sdk/src/rp2_common/pico_double/double_aeabi_rp2040.S.o
                0x0000000010002e5c                __wrap___aeabi_dcmple
 .text.__wrap___aeabi_dcmpge
                0x0000000010002e6c       0x10 CMakeFiles/rp2_flash_repl.dir/pico-sdk/src/rp2_common/pico_double/double_aeabi_rp2040.S.o
                0x0000000010002e6c                __wrap___aeabi_dcmpge
 .text.__wrap___aeabi_dcmpgt
                0x0000000010002e7c        0xa CMakeFiles/rp2_flash_repl.dir/pico-sdk/src/rp2_common/pico_double/double_aeabi_rp2040.S.o
                0x0000000010002e7c                __wrap___aeabi_dcmpgt
 .text.__wrap___aeabi_dcmpun
                0x0000000010002e86       0x18 CMakeFiles/rp2_flash_repl.dir/pico-sdk/src/rp2_common/pico_double/double_aeabi_rp2040.S.o
                0x0000000010002e86                __wrap___aeabi_dcmpun
 *fill*         0x0000000010002e9e        0x2 
 .text.__wrap___aeabi_i2d
                0x0000000010002ea0       0x38 CMakeFiles/rp2_flash_repl.dir/pico-sdk/src/rp2_common/pico_double/double_aeabi_rp2040.S.o
                0x0000000010002ea0                __wrap___aeabi_ui2d
                0x0000000010002ea0                uint2double
                0x0000000010002ea8                __wrap___aeabi_i2d
                0x0000000010002ea8                int2double
 .text.__wrap___aeabi_d2iz
                0x0000000010002ed8       0x48 CMakeFiles/rp2_flash_repl.dir/pico-sdk/src/rp2_common/pico_double/double_aeabi_rp2040.S.o
                0x0000000010002ed8                __wrap___aeabi_d2iz
                0x0000000010002ed8                double2int_z
 .text.__wrap___aeabi_d2uiz
                0x0000000010002f20       0x18 CMakeFiles/rp2_flash_repl.dir/pico-sdk/src/rp2_common/pico_double/double_aeabi_rp2040.S.o
                0x0000000010002f20                double2uint_z
                0x0000000010002f20                double2uint
                0x0000000010002f20                __wrap___aeabi_d2uiz
 .text.__aeabi_double_init
                0x0000000010002f38       0xa0 CMakeFiles/rp2_flash_repl.dir/pico-sdk/src/rp2_common/pico_double/double_init_rom_rp2040.c.o
                0x0000000010002f38                __aeabi_double_init
 .text.double_table_shim_on_use_helper
                0x0000000010002fd8       0x2c CMakeFiles/rp2_flash_repl.dir/pico-sdk/src/rp2_common/pico_double/double_v1_rom_shim_rp2040.S.o
                0x0000000010002fd8                double_table_shim_on_use_helper
 .text.__wrap___aeabi_dsub
                0x0000000010003004       0x10 CMakeFiles/rp2_flash_repl.dir/pico-sdk/src/rp2_common/pico_double/double_v1_rom_shim_rp2040.S.o
                0x0000000010003004                drsub_shim
                0x000000001000300a                dsub_shim
 .text.dadd_shim
                0x0000000010003014      0x15c CMakeFiles/rp2_flash_repl.dir/pico-sdk/src/rp2_common/pico_double/double_v1_rom_shim_rp2040.S.o
                0x0000000010003014                dadd_shim
 .text.dmul_shim
                0x0000000010003170      0x15c CMakeFiles/rp2_flash_repl.dir/pico-sdk/src/rp2_common/pico_double/double_v1_rom_shim_rp2040.S.o
                0x0000000010003170                dmul_shim
 .text.ddiv_shim
                0x00000000100032cc      0x1b0 CMakeFiles/rp2_flash_repl.dir/pico-sdk/src/rp2_common/pico_double/double_v1_rom_shim_rp2040.S.o
                0x00000000100032cc                ddiv_shim
 .text.double2uint_shim
                0x000000001000347c        0xe CMakeFiles/rp2_flash_repl.dir/pico-sdk/src/rp2_common/pico_double/double_v1_rom_shim_rp2040.S.o
                0x000000001000347c                double2uint_shim
                0x000000001000347e                double2ufix_shim
 *fill*         0x000000001000348a        0x2 
 .text.double2uint64_shim
                0x000000001000348c       0x70 CMakeFiles/rp2_flash_repl.dir/pico-sdk/src/rp2_common/pico_double/double_v1_rom_shim_rp2040.S.o
                0x000000001000348c                double2uint64_shim
                0x000000001000348e                double2ufix64_shim
                0x00000000100034ae                d2fix_a
 .text.dunpacks
                0x00000000100034fc       0x3c CMakeFiles/rp2_flash_repl.dir/pico-sdk/src/rp2_common/pico_double/double_v1_rom_shim_rp2040.S.o
                0x00000000100034fc                dunpacks
 .text.__aeabi_lmul
                0x0000000010003538       0x32 CMakeFiles/rp2_flash_repl.dir/pico-sdk/src/rp2_common/pico_int64_ops/pico_int64_ops_aeabi.S.o
                0x0000000010003538                __wrap___aeabi_lmul
 *fill*         0x000000001000356a        0x2 
 .text.__aeabi_float_init
                0x000000001000356c       0x64 CMakeFiles/rp2_flash_repl.dir/pico-sdk/src/rp2_common/pico_float/float_init_rom_rp2040.c.o
                0x000000001000356c                __aeabi_float_init
 .text.float_table_shim_on_use_helper
                0x00000000100035d0       0x2c CMakeFiles/rp2_flash_repl.dir/pico-sdk/src/rp2_common/pico_float/float_v1_rom_shim_rp2040.S.o
                0x00000000100035d0                float_table_shim_on_use_helper
 .text          0x00000000100035fc       0x10 CMakeFiles/rp2_flash_repl.dir/pico-sdk/src/rp2_common/pico_mem_ops/mem_ops_aeabi.S.o
                0x00000000100035fc                __aeabi_mem_init
 .text.memset   0x000000001000360c        0xc CMakeFiles/rp2_flash_repl.dir/pico-sdk/src/rp2_common/pico_mem_ops/mem_ops_aeabi.S.o
                0x000000001000360c                __wrap_memset
 .text.memcpy   0x0000000010003618        0xc CMakeFiles/rp2_flash_repl.dir/pico-sdk/src/rp2_common/pico_mem_ops/mem_ops_aeabi.S.o
                0x0000000010003618                __wrap___aeabi_memcpy
                0x0000000010003618                __wrap_memcpy
 .text._out_null
                0x0000000010003624        0x4 CMakeFiles/rp2_flash_repl.dir/pico-sdk/src/rp2_common/pico_printf/printf.c.o
 .text._out_rev
                0x0000000010003628       0x9c CMakeFiles/rp2_flash_repl.dir/pico-sdk/src/rp2_common/pico_printf/printf.c.o
 .text._ntoa_format
                0x00000000100036c4      0x1cc CMakeFiles/rp2_flash_repl.dir/pico-sdk/src/rp2_common/pico_printf/printf.c.o
 .text._out_char
                0x0000000010003890       0x10 CMakeFiles/rp2_flash_repl.dir/pico-sdk/src/rp2_common/pico_printf/printf.c.o
 .text._out_fct
                0x00000000100038a0       0x10 CMakeFiles/rp2_flash_repl.dir/pico-sdk/src/rp2_common/pico_printf/printf.c.o
 .text._etoa    0x00000000100038b0      0x44c CMakeFiles/rp2_flash_repl.dir/pico-sdk/src/rp2_common/pico_printf/printf.c.o
 .text._ftoa    0x0000000010003cfc      0x398 CMakeFiles/rp2_flash_repl.dir/pico-sdk/src/rp2_common/pico_printf/printf.c.o
 .text._vsnprintf
                0x0000000010004094      0xb04 CMakeFiles/rp2_flash_repl.dir/pico-sdk/src/rp2_common/pico_printf/printf.c.o
 .text.vfctprintf
                0x0000000010004b98       0x20 CMakeFiles/rp2_flash_repl.dir/pico-sdk/src/rp2_common/pico_printf/printf.c.o
                0x0000000010004b98                vfctprintf
 .text.weak_raw_vprintf
                0x0000000010004bb8       0x30 CMakeFiles/rp2_flash_repl.dir/pico-sdk/src/rp2_common/pico_printf/printf.c.o
                0x0000000010004bb8                weak_raw_vprintf
 .text._exit    0x0000000010004be8        0x4 CMakeFiles/rp2_flash_repl.dir/pico-sdk/src/rp2_common/pico_clib_interface/newlib_interface.c.o
                0x0000000010004be8                _exit
 .text.exit     0x0000000010004bec        0x8 CMakeFiles/rp2_flash_repl.dir/pico-sdk/src/rp2_common/pico_clib_interface/newlib_interface.c.o
                0x0000000010004bec                exit
 .text.runtime_init
                0x0000000010004bf4       0x2c CMakeFiles/rp2_flash_repl.dir/pico-sdk/src/rp2_common/pico_clib_interface/newlib_interface.c.o
                0x0000000010004bf4                runtime_init
 .text.stdio_out_chars_no_crlf
                0x0000000010004c20       0x10 CMakeFiles/rp2_flash_repl.dir/pico-sdk/src/rp2_common/pico_stdio/stdio.c.o
 .text.stdio_out_chars_crlf
                0x0000000010004c30       0xb4 CMakeFiles/rp2_flash_repl.dir/pico-sdk/src/rp2_common/pico_stdio/stdio.c.o
 .text.stdio_buffered_printer
                0x0000000010004ce4       0x64 CMakeFiles/rp2_flash_repl.dir/pico-sdk/src/rp2_common/pico_stdio/stdio.c.o
 .text.stdio_put_string
                0x0000000010004d48      0x100 CMakeFiles/rp2_flash_repl.dir/pico-sdk/src/rp2_common/pico_stdio/stdio.c.o
                0x0000000010004d48                stdio_put_string
 .text.stdio_set_driver_enabled
                0x0000000010004e48       0x30 CMakeFiles/rp2_flash_repl.dir/pico-sdk/src/rp2_common/pico_stdio/stdio.c.o
                0x0000000010004e48                stdio_set_driver_enabled
 .text.stdio_init_all
                0x0000000010004e78        0x8 CMakeFiles/rp2_flash_repl.dir/pico-sdk/src/rp2_common/pico_stdio/stdio.c.o
                0x0000000010004e78                stdio_init_all
 .text.stdio_getchar_timeout_us
                0x0000000010004e80       0x98 CMakeFiles/rp2_flash_repl.dir/pico-sdk/src/rp2_common/pico_stdio/stdio.c.o
                0x0000000010004e80                stdio_getchar_timeout_us
 .text.__wrap_putchar
                0x0000000010004f18       0x98 CMakeFiles/rp2_flash_repl.dir/pico-sdk/src/rp2_common/pico_stdio/stdio.c.o
                0x0000000010004f18                stdio_putchar
                0x0000000010004f18                __wrap_putchar
 .text.__wrap_puts
                0x0000000010004fb0       0x3c CMakeFiles/rp2_flash_repl.dir/pico-sdk/src/rp2_common/pico_stdio/stdio.c.o
                0x0000000010004fb0                __wrap_puts
                0x0000000010004fb0                stdio_puts
 .text.__wrap_vprintf
                0x0000000010004fec       0xd8 CMakeFiles/rp2_flash_repl.dir/pico-sdk/src/rp2_common/pico_stdio/stdio.c.o
                0x0000000010004fec                __wrap_vprintf
                0x0000000010004fec                stdio_vprintf
 .text.__wrap_printf
                0x00000000100050c4       0x18 CMakeFiles/rp2_flash_repl.dir/pico-sdk/src/rp2_common/pico_stdio/stdio.c.o
                0x00000000100050c4                stdio_printf
                0x00000000100050c4                __wrap_printf
 .text.resetd_init
                0x00000000100050dc        0x4 CMakeFiles/rp2_flash_repl.dir/pico-sdk/src/rp2_common/pico_stdio_usb/reset_interface.c.o
 .text.resetd_reset
                0x00000000100050e0        0xc CMakeFiles/rp2_flash_repl.dir/pico-sdk/src/rp2_common/pico_stdio_usb/reset_interface.c.o
 .text.resetd_open
                0x00000000100050ec       0x28 CMakeFiles/rp2_flash_repl.dir/pico-sdk/src/rp2_common/pico_stdio_usb/reset_interface.c.o
 .text.resetd_xfer_cb
                0x0000000010005114        0x4 CMakeFiles/rp2_flash_repl.dir/pico-sdk/src/rp2_common/pico_stdio_usb/reset_interface.c.o
 .text.resetd_control_xfer_cb
                0x0000000010005118       0x60 CMakeFiles/rp2_flash_repl.dir/pico-sdk/src/rp2_common/pico_stdio_usb/reset_interface.c.o
 .text.tud_descriptor_bos_cb
                0x0000000010005178        0x8 CMakeFiles/rp2_flash_repl.dir/pico-sdk/src/rp2_common/pico_stdio_usb/reset_interface.c.o
                0x0000000010005178                tud_descriptor_bos_cb
 .text.tud_vendor_control_xfer_cb
                0x0000000010005180       0x34 CMakeFiles/rp2_flash_repl.dir/pico-sdk/src/rp2_common/pico_stdio_usb/reset_interface.c.o
                0x0000000010005180                tud_vendor_control_xfer_cb
 .text.usbd_app_driver_get_cb
                0x00000000100051b4        0xc CMakeFiles/rp2_flash_repl.dir/pico-sdk/src/rp2_common/pico_stdio_usb/reset_interface.c.o
                0x00000000100051b4                usbd_app_driver_get_cb
 .text.tud_cdc_line_coding_cb
                0x00000000100051c0       0x2c CMakeFiles/rp2_flash_repl.dir/pico-sdk/src/rp2_common/pico_stdio_usb/reset_interface.c.o
                0x00000000100051c0                tud_cdc_line_coding_cb
 .text.stdio_usb_set_chars_available_callback
                0x00000000100051ec       0x14 CMakeFiles/rp2_flash_repl.dir/pico-sdk/src/rp2_common/pico_stdio_usb/stdio_usb.c.o
                0x00000000100051ec                stdio_usb_set_chars_available_callback
 .text.usb_irq  0x0000000010005200       0x10 CMakeFiles/rp2_flash_repl.dir/pico-sdk/src/rp2_common/pico_stdio_usb/stdio_usb.c.o
 .text.timer_task
                0x0000000010005210       0x64 CMakeFiles/rp2_flash_repl.dir/pico-sdk/src/rp2_common/pico_stdio_usb/stdio_usb.c.o
 .text.stdio_usb_in_chars
                0x0000000010005274       0x90 CMakeFiles/rp2_flash_repl.dir/pico-sdk/src/rp2_common/pico_stdio_usb/stdio_usb.c.o
                0x0000000010005274                stdio_usb_in_chars
 .text.stdio_usb_out_flush
                0x0000000010005304       0x50 CMakeFiles/rp2_flash_repl.dir/pico-sdk/src/rp2_common/pico_stdio_usb/stdio_usb.c.o
 .text.stdio_usb_out_chars
                0x0000000010005354      0x100 CMakeFiles/rp2_flash_repl.dir/pico-sdk/src/rp2_common/pico_stdio_usb/stdio_usb.c.o
 .text.low_priority_worker_irq
                0x0000000010005454       0xc8 CMakeFiles/rp2_flash_repl.dir/pico-sdk/src/rp2_common/pico_stdio_usb/stdio_usb.c.o
 .text.stdio_usb_init
                0x000000001000551c       0xe8 CMakeFiles/rp2_flash_repl.dir/pico-sdk/src/rp2_common/pico_stdio_usb/stdio_usb.c.o
                0x000000001000551c                stdio_usb_init
 .text.tud_descriptor_device_cb
                0x0000000010005604        0x8 CMakeFiles/rp2_flash_repl.dir/pico-sdk/src/rp2_common/pico_stdio_usb/stdio_usb_descriptors.c.o
                0x0000000010005604                tud_descriptor_device_cb
 .text.tud_descriptor_configuration_cb
                0x000000001000560c        0x8 CMakeFiles/rp2_flash_repl.dir/pico-sdk/src/rp2_common/pico_stdio_usb/stdio_usb_descriptors.c.o
                0x000000001000560c                tud_descriptor_configuration_cb
 .text.tud_descriptor_string_cb
                0x0000000010005614       0x74 CMakeFiles/rp2_flash_repl.dir/pico-sdk/src/rp2_common/pico_stdio_usb/stdio_usb_descriptors.c.o
                0x0000000010005614                tud_descriptor_string_cb
 .text.startup._retrieve_unique_id_on_boot
                0x0000000010005688       0x10 CMakeFiles/rp2_flash_repl.dir/pico-sdk/src/rp2_common/pico_unique_id/unique_id.c.o
 .text.pico_get_unique_board_id_string
                0x0000000010005698      0x1a8 CMakeFiles/rp2_flash_repl.dir/pico-sdk/src/rp2_common/pico_unique_id/unique_id.c.o
                0x0000000010005698                pico_get_unique_board_id_string
 .text.dcd_init
                0x0000000010005840       0x90 CMakeFiles/rp2_flash_repl.dir/pico-sdk/lib/tinyusb/src/portable/raspberrypi/rp2040/dcd_rp2040.c.o
                0x0000000010005840                dcd_init
 .text.dcd_int_enable
                0x00000000100058d0        0xc CMakeFiles/rp2_flash_repl.dir/pico-sdk/lib/tinyusb/src/portable/raspberrypi/rp2040/dcd_rp2040.c.o
                0x00000000100058d0                dcd_int_enable
 .text.dcd_set_address
                0x00000000100058dc       0x14 CMakeFiles/rp2_flash_repl.dir/pico-sdk/lib/tinyusb/src/portable/raspberrypi/rp2040/dcd_rp2040.c.o
                0x00000000100058dc                dcd_set_address
 .text.dcd_sof_enable
                0x00000000100058f0       0x1c CMakeFiles/rp2_flash_repl.dir/pico-sdk/lib/tinyusb/src/portable/raspberrypi/rp2040/dcd_rp2040.c.o
                0x00000000100058f0                dcd_sof_enable
 .text.dcd_edpt0_status_complete
                0x000000001000590c       0x1c CMakeFiles/rp2_flash_repl.dir/pico-sdk/lib/tinyusb/src/portable/raspberrypi/rp2040/dcd_rp2040.c.o
                0x000000001000590c                dcd_edpt0_status_complete
 .text.dcd_edpt_open
                0x0000000010005928      0x114 CMakeFiles/rp2_flash_repl.dir/pico-sdk/lib/tinyusb/src/portable/raspberrypi/rp2040/dcd_rp2040.c.o
                0x0000000010005928                dcd_edpt_open
 .text.dcd_edpt_close_all
                0x0000000010005a3c        0x8 CMakeFiles/rp2_flash_repl.dir/pico-sdk/lib/tinyusb/src/portable/raspberrypi/rp2040/dcd_rp2040.c.o
                0x0000000010005a3c                dcd_edpt_close_all
 .text.dcd_edpt_xfer
                0x0000000010005a44       0x24 CMakeFiles/rp2_flash_repl.dir/pico-sdk/lib/tinyusb/src/portable/raspberrypi/rp2040/dcd_rp2040.c.o
                0x0000000010005a44                dcd_edpt_xfer
 .text.dcd_edpt_stall
                0x0000000010005a68       0x38 CMakeFiles/rp2_flash_repl.dir/pico-sdk/lib/tinyusb/src/portable/raspberrypi/rp2040/dcd_rp2040.c.o
                0x0000000010005a68                dcd_edpt_stall
 .text.dcd_edpt_clear_stall
                0x0000000010005aa0       0x30 CMakeFiles/rp2_flash_repl.dir/pico-sdk/lib/tinyusb/src/portable/raspberrypi/rp2040/dcd_rp2040.c.o
                0x0000000010005aa0                dcd_edpt_clear_stall
 .text.rp2040_usb_init
                0x0000000010005ad0       0x40 CMakeFiles/rp2_flash_repl.dir/pico-sdk/lib/tinyusb/src/portable/raspberrypi/rp2040/rp2040_usb.c.o
                0x0000000010005ad0                rp2040_usb_init
 .text.hw_endpoint_xfer_start
                0x0000000010005b10       0x50 CMakeFiles/rp2_flash_repl.dir/pico-sdk/lib/tinyusb/src/portable/raspberrypi/rp2040/rp2040_usb.c.o
                0x0000000010005b10                hw_endpoint_xfer_start
 .text.tud_event_hook_cb
                0x0000000010005b60        0x4 CMakeFiles/rp2_flash_repl.dir/pico-sdk/lib/tinyusb/src/device/usbd.c.o
                0x0000000010005b60                tud_event_hook_cb
 .text.tud_sof_cb
                0x0000000010005b64        0x4 CMakeFiles/rp2_flash_repl.dir/pico-sdk/lib/tinyusb/src/device/usbd.c.o
                0x0000000010005b64                tud_sof_cb
 .text.tud_descriptor_device_qualifier_cb
                0x0000000010005b68        0x4 CMakeFiles/rp2_flash_repl.dir/pico-sdk/lib/tinyusb/src/device/usbd.c.o
                0x0000000010005b68                tud_descriptor_device_qualifier_cb
 .text.tud_descriptor_other_speed_configuration_cb
                0x0000000010005b6c        0x4 CMakeFiles/rp2_flash_repl.dir/pico-sdk/lib/tinyusb/src/device/usbd.c.o
                0x0000000010005b6c                tud_descriptor_other_speed_configuration_cb
 .text.tud_mount_cb
                0x0000000010005b70        0x4 CMakeFiles/rp2_flash_repl.dir/pico-sdk/lib/tinyusb/src/device/usbd.c.o
                0x0000000010005b70                tud_mount_cb
 .text.tud_umount_cb
                0x0000000010005b74        0x4 CMakeFiles/rp2_flash_repl.dir/pico-sdk/lib/tinyusb/src/device/usbd.c.o
                0x0000000010005b74                tud_umount_cb
 .text.tud_suspend_cb
                0x0000000010005b78        0x4 CMakeFiles/rp2_flash_repl.dir/pico-sdk/lib/tinyusb/src/device/usbd.c.o
                0x0000000010005b78                tud_suspend_cb
 .text.tud_resume_cb
                0x0000000010005b7c        0x4 CMakeFiles/rp2_flash_repl.dir/pico-sdk/lib/tinyusb/src/device/usbd.c.o
                0x0000000010005b7c                tud_resume_cb
 .text.tud_mounted
                0x0000000010005b80       0x10 CMakeFiles/rp2_flash_repl.dir/pico-sdk/lib/tinyusb/src/device/usbd.c.o
                0x0000000010005b80                tud_mounted
 .text.tud_suspended
                0x0000000010005b90       0x10 CMakeFiles/rp2_flash_repl.dir/pico-sdk/lib/tinyusb/src/device/usbd.c.o
                0x0000000010005b90                tud_suspended
 .text.tud_rhport_init
                0x0000000010005ba0       0xf4 CMakeFiles/rp2_flash_repl.dir/pico-sdk/lib/tinyusb/src/device/usbd.c.o
                0x0000000010005ba0                tud_rhport_init
 .text.tud_task_ext
                0x0000000010005c94      0x800 CMakeFiles/rp2_flash_repl.dir/pico-sdk/lib/tinyusb/src/device/usbd.c.o
                0x0000000010005c94                tud_task_ext
 .text.usbd_open_edpt_pair
                0x0000000010006494       0x9c CMakeFiles/rp2_flash_repl.dir/pico-sdk/lib/tinyusb/src/device/usbd.c.o
                0x0000000010006494                usbd_open_edpt_pair
 .text.usbd_edpt_open
                0x0000000010006530       0x34 CMakeFiles/rp2_flash_repl.dir/pico-sdk/lib/tinyusb/src/device/usbd.c.o
                0x0000000010006530                usbd_edpt_open
 .text.usbd_edpt_claim
                0x0000000010006564       0x28 CMakeFiles/rp2_flash_repl.dir/pico-sdk/lib/tinyusb/src/device/usbd.c.o
                0x0000000010006564                usbd_edpt_claim
 .text.usbd_edpt_release
                0x000000001000658c       0x28 CMakeFiles/rp2_flash_repl.dir/pico-sdk/lib/tinyusb/src/device/usbd.c.o
                0x000000001000658c                usbd_edpt_release
 .text.usbd_edpt_xfer
                0x00000000100065b4       0x4c CMakeFiles/rp2_flash_repl.dir/pico-sdk/lib/tinyusb/src/device/usbd.c.o
                0x00000000100065b4                usbd_edpt_xfer
 .text.tud_control_status
                0x0000000010006600       0x30 CMakeFiles/rp2_flash_repl.dir/pico-sdk/lib/tinyusb/src/device/usbd_control.c.o
                0x0000000010006600                tud_control_status
 .text.tud_control_xfer
                0x0000000010006630       0xbc CMakeFiles/rp2_flash_repl.dir/pico-sdk/lib/tinyusb/src/device/usbd_control.c.o
                0x0000000010006630                tud_control_xfer
 .text.usbd_control_reset
                0x00000000100066ec       0x14 CMakeFiles/rp2_flash_repl.dir/pico-sdk/lib/tinyusb/src/device/usbd_control.c.o
                0x00000000100066ec                usbd_control_reset
 .text.usbd_control_set_complete_callback
                0x0000000010006700        0xc CMakeFiles/rp2_flash_repl.dir/pico-sdk/lib/tinyusb/src/device/usbd_control.c.o
                0x0000000010006700                usbd_control_set_complete_callback
 .text.usbd_control_set_request
                0x000000001000670c       0x1c CMakeFiles/rp2_flash_repl.dir/pico-sdk/lib/tinyusb/src/device/usbd_control.c.o
                0x000000001000670c                usbd_control_set_request
 .text.usbd_control_xfer_cb
                0x0000000010006728       0xf0 CMakeFiles/rp2_flash_repl.dir/pico-sdk/lib/tinyusb/src/device/usbd_control.c.o
                0x0000000010006728                usbd_control_xfer_cb
 .text._prep_out_transaction.isra.0
                0x0000000010006818       0x6c CMakeFiles/rp2_flash_repl.dir/pico-sdk/lib/tinyusb/src/class/cdc/cdc_device.c.o
 .text.tud_cdc_n_connected
                0x0000000010006884       0x2c CMakeFiles/rp2_flash_repl.dir/pico-sdk/lib/tinyusb/src/class/cdc/cdc_device.c.o
                0x0000000010006884                tud_cdc_n_connected
 .text.tud_cdc_n_available
                0x00000000100068b0       0x18 CMakeFiles/rp2_flash_repl.dir/pico-sdk/lib/tinyusb/src/class/cdc/cdc_device.c.o
                0x00000000100068b0                tud_cdc_n_available
 .text.tud_cdc_n_read
                0x00000000100068c8       0x94 CMakeFiles/rp2_flash_repl.dir/pico-sdk/lib/tinyusb/src/class/cdc/cdc_device.c.o
                0x00000000100068c8                tud_cdc_n_read
 .text.tud_cdc_n_write_flush
                0x000000001000695c       0x78 CMakeFiles/rp2_flash_repl.dir/pico-sdk/lib/tinyusb/src/class/cdc/cdc_device.c.o
                0x000000001000695c                tud_cdc_n_write_flush
 .text.tud_cdc_n_write
                0x00000000100069d4       0x44 CMakeFiles/rp2_flash_repl.dir/pico-sdk/lib/tinyusb/src/class/cdc/cdc_device.c.o
                0x00000000100069d4                tud_cdc_n_write
 .text.tud_cdc_n_write_available
                0x0000000010006a18       0x18 CMakeFiles/rp2_flash_repl.dir/pico-sdk/lib/tinyusb/src/class/cdc/cdc_device.c.o
                0x0000000010006a18                tud_cdc_n_write_available
 .text.cdcd_init
                0x0000000010006a30       0x70 CMakeFiles/rp2_flash_repl.dir/pico-sdk/lib/tinyusb/src/class/cdc/cdc_device.c.o
                0x0000000010006a30                cdcd_init
 .text.cdcd_deinit
                0x0000000010006aa0       0x24 CMakeFiles/rp2_flash_repl.dir/pico-sdk/lib/tinyusb/src/class/cdc/cdc_device.c.o
                0x0000000010006aa0                cdcd_deinit
 .text.cdcd_reset
                0x0000000010006ac4       0x4c CMakeFiles/rp2_flash_repl.dir/pico-sdk/lib/tinyusb/src/class/cdc/cdc_device.c.o
                0x0000000010006ac4                cdcd_reset
 .text.cdcd_open
                0x0000000010006b10       0xa8 CMakeFiles/rp2_flash_repl.dir/pico-sdk/lib/tinyusb/src/class/cdc/cdc_device.c.o
                0x0000000010006b10                cdcd_open
 .text.cdcd_control_xfer_cb
                0x0000000010006bb8       0xe8 CMakeFiles/rp2_flash_repl.dir/pico-sdk/lib/tinyusb/src/class/cdc/cdc_device.c.o
                0x0000000010006bb8                cdcd_control_xfer_cb
 .text.cdcd_xfer_cb
                0x0000000010006ca0       0xfc CMakeFiles/rp2_flash_repl.dir/pico-sdk/lib/tinyusb/src/class/cdc/cdc_device.c.o
                0x0000000010006ca0                cdcd_xfer_cb
 .text.vendord_init
                0x0000000010006d9c       0x5c CMakeFiles/rp2_flash_repl.dir/pico-sdk/lib/tinyusb/src/class/vendor/vendor_device.c.o
                0x0000000010006d9c                vendord_init
 .text.vendord_deinit
                0x0000000010006df8       0x1c CMakeFiles/rp2_flash_repl.dir/pico-sdk/lib/tinyusb/src/class/vendor/vendor_device.c.o
                0x0000000010006df8                vendord_deinit
 .text.vendord_reset
                0x0000000010006e14       0x28 CMakeFiles/rp2_flash_repl.dir/pico-sdk/lib/tinyusb/src/class/vendor/vendor_device.c.o
                0x0000000010006e14                vendord_reset
 .text.vendord_open
                0x0000000010006e3c      0x128 CMakeFiles/rp2_flash_repl.dir/pico-sdk/lib/tinyusb/src/class/vendor/vendor_device.c.o
                0x0000000010006e3c                vendord_open
 .text.vendord_xfer_cb
                0x0000000010006f64       0x9c CMakeFiles/rp2_flash_repl.dir/pico-sdk/lib/tinyusb/src/class/vendor/vendor_device.c.o
                0x0000000010006f64                vendord_xfer_cb
 .text.tusb_rhport_init
                0x0000000010007000       0x48 CMakeFiles/rp2_flash_repl.dir/pico-sdk/lib/tinyusb/src/tusb.c.o
                0x0000000010007000                tusb_rhport_init
 .text.tu_edpt_claim
                0x0000000010007048       0x50 CMakeFiles/rp2_flash_repl.dir/pico-sdk/lib/tinyusb/src/tusb.c.o
                0x0000000010007048                tu_edpt_claim
 .text.tu_edpt_release
                0x0000000010007098       0x38 CMakeFiles/rp2_flash_repl.dir/pico-sdk/lib/tinyusb/src/tusb.c.o
                0x0000000010007098                tu_edpt_release
 .text.tu_edpt_validate
                0x00000000100070d0       0x78 CMakeFiles/rp2_flash_repl.dir/pico-sdk/lib/tinyusb/src/tusb.c.o
                0x00000000100070d0                tu_edpt_validate
 .text.tu_edpt_bind_driver
                0x0000000010007148       0x34 CMakeFiles/rp2_flash_repl.dir/pico-sdk/lib/tinyusb/src/tusb.c.o
                0x0000000010007148                tu_edpt_bind_driver
 .text.tu_edpt_stream_init
                0x000000001000717c       0x6c CMakeFiles/rp2_flash_repl.dir/pico-sdk/lib/tinyusb/src/tusb.c.o
                0x000000001000717c                tu_edpt_stream_init
 .text.tu_edpt_stream_deinit
                0x00000000100071e8        0x4 CMakeFiles/rp2_flash_repl.dir/pico-sdk/lib/tinyusb/src/tusb.c.o
                0x00000000100071e8                tu_edpt_stream_deinit
 .text.tu_edpt_stream_write_zlp_if_needed
                0x00000000100071ec       0x58 CMakeFiles/rp2_flash_repl.dir/pico-sdk/lib/tinyusb/src/tusb.c.o
                0x00000000100071ec                tu_edpt_stream_write_zlp_if_needed
 .text.tu_edpt_stream_write_xfer
                0x0000000010007244       0x64 CMakeFiles/rp2_flash_repl.dir/pico-sdk/lib/tinyusb/src/tusb.c.o
                0x0000000010007244                tu_edpt_stream_write_xfer
 .text.tu_edpt_stream_read_xfer
                0x00000000100072a8       0xdc CMakeFiles/rp2_flash_repl.dir/pico-sdk/lib/tinyusb/src/tusb.c.o
                0x00000000100072a8                tu_edpt_stream_read_xfer
 .text.tu_fifo_config
                0x0000000010007384       0x70 CMakeFiles/rp2_flash_repl.dir/pico-sdk/lib/tinyusb/src/common/tusb_fifo.c.o
                0x0000000010007384                tu_fifo_config
 .text.tu_fifo_count
                0x00000000100073f4       0x2c CMakeFiles/rp2_flash_repl.dir/pico-sdk/lib/tinyusb/src/common/tusb_fifo.c.o
                0x00000000100073f4                tu_fifo_count
 .text.tu_fifo_empty
                0x0000000010007420       0x10 CMakeFiles/rp2_flash_repl.dir/pico-sdk/lib/tinyusb/src/common/tusb_fifo.c.o
                0x0000000010007420                tu_fifo_empty
 .text.tu_fifo_remaining
                0x0000000010007430       0x2c CMakeFiles/rp2_flash_repl.dir/pico-sdk/lib/tinyusb/src/common/tusb_fifo.c.o
                0x0000000010007430                tu_fifo_remaining
 .text.tu_fifo_read
                0x000000001000745c       0xa0 CMakeFiles/rp2_flash_repl.dir/pico-sdk/lib/tinyusb/src/common/tusb_fifo.c.o
                0x000000001000745c                tu_fifo_read
 .text.tu_fifo_read_n
                0x00000000100074fc       0xec CMakeFiles/rp2_flash_repl.dir/pico-sdk/lib/tinyusb/src/common/tusb_fifo.c.o
                0x00000000100074fc                tu_fifo_read_n
 .text.tu_fifo_write
                0x00000000100075e8       0x88 CMakeFiles/rp2_flash_repl.dir/pico-sdk/lib/tinyusb/src/common/tusb_fifo.c.o
                0x00000000100075e8                tu_fifo_write
 .text.tu_fifo_write_n
                0x0000000010007670      0x168 CMakeFiles/rp2_flash_repl.dir/pico-sdk/lib/tinyusb/src/common/tusb_fifo.c.o
                0x0000000010007670                tu_fifo_write_n
 .text.tu_fifo_clear
                0x00000000100077d8       0x40 CMakeFiles/rp2_flash_repl.dir/pico-sdk/lib/tinyusb/src/common/tusb_fifo.c.o
                0x00000000100077d8                tu_fifo_clear
 .text.tu_fifo_set_overwritable
                0x0000000010007818       0x48 CMakeFiles/rp2_flash_repl.dir/pico-sdk/lib/tinyusb/src/common/tusb_fifo.c.o
                0x0000000010007818                tu_fifo_set_overwritable
 .text          0x0000000010007860       0x5c /usr/lib/gcc/arm-none-eabi/10.3.1/../../../arm-none-eabi/lib/thumb/v6-m/nofp/libg.a(lib_a-strlen-stub.o)
                0x0000000010007860                strlen
 *(.fini)
 .fini          0x00000000100078bc        0x4 /usr/lib/gcc/arm-none-eabi/10.3.1/thumb/v6-m/nofp/crti.o
                0x00000000100078bc                _fini
 .fini.__stub   0x00000000100078c0       0xf0 linker stubs
 *crtbegin.o(.ctors)
 *crtbegin?.o(.ctors)
 *(EXCLUDE_FILE(*crtend.o *crtend?.o) .ctors)
 *(SORT_BY_NAME(.ctors.*))
 *(.ctors)
 *crtbegin.o(.dtors)
 *crtbegin?.o(.dtors)
 *(EXCLUDE_FILE(*crtend.o *crtend?.o) .dtors)
 *(SORT_BY_NAME(.dtors.*))
 *(.dtors)
                0x00000000100079b0                . = ALIGN (0x4)
                0x00000000100079b0                PROVIDE (__preinit_array_start = .)
 *(SORT_BY_NAME(.preinit_array.*))
 .preinit_array.00100
                0x00000000100079b0        0x4 CMakeFiles/rp2_flash_repl.dir/pico-sdk/src/rp2_common/pico_runtime_init/runtime_init.c.o
                0x00000000100079b0                __pre_init_runtime_init_early_resets
 .preinit_array.00101
                0x00000000100079b4        0x4 CMakeFiles/rp2_flash_repl.dir/pico-sdk/src/rp2_common/pico_runtime_init/runtime_init.c.o
                0x00000000100079b4                __pre_init_runtime_init_usb_power_down
 .preinit_array.00275
                0x00000000100079b8        0x4 CMakeFiles/rp2_flash_repl.dir/pico-sdk/src/rp2_common/pico_bit_ops/bit_ops_aeabi.S.o
 .preinit_array.00300
                0x00000000100079bc        0x4 CMakeFiles/rp2_flash_repl.dir/pico-sdk/src/rp2_common/pico_mem_ops/mem_ops_aeabi.S.o
 .preinit_array.00350
                0x00000000100079c0        0x4 CMakeFiles/rp2_flash_repl.dir/pico-sdk/src/rp2_common/pico_double/double_aeabi_rp2040.S.o
 .preinit_array.00350
                0x00000000100079c4        0x4 CMakeFiles/rp2_flash_repl.dir/pico-sdk/src/rp2_common/pico_float/float_aeabi_rp2040.S.o
 .preinit_array.00500
                0x00000000100079c8        0x4 CMakeFiles/rp2_flash_repl.dir/pico-sdk/src/rp2_common/pico_runtime_init/runtime_init.c.o
                0x00000000100079c8                __pre_init_runtime_init_clocks
 .preinit_array.00600
                0x00000000100079cc        0x4 CMakeFiles/rp2_flash_repl.dir/pico-sdk/src/rp2_common/pico_runtime_init/runtime_init.c.o
                0x00000000100079cc                __pre_init_runtime_init_post_clock_resets
 .preinit_array.00700
                0x00000000100079d0        0x4 CMakeFiles/rp2_flash_repl.dir/pico-sdk/src/rp2_common/pico_runtime_init/runtime_init.c.o
                0x00000000100079d0                __pre_init_runtime_init_rp2040_gpio_ie_disable
 .preinit_array.01000
                0x00000000100079d4        0x4 CMakeFiles/rp2_flash_repl.dir/pico-sdk/src/rp2_common/pico_runtime_init/runtime_init.c.o
                0x00000000100079d4                __pre_init_runtime_init_spin_locks_reset
 .preinit_array.01100
                0x00000000100079d8        0x4 CMakeFiles/rp2_flash_repl.dir/pico-sdk/src/common/pico_sync/mutex.c.o
                0x00000000100079d8                __pre_init_runtime_init_mutex
 .preinit_array.10080
                0x00000000100079dc        0x4 CMakeFiles/rp2_flash_repl.dir/pico-sdk/src/rp2_common/pico_runtime_init/runtime_init.c.o
                0x00000000100079dc                __pre_init_runtime_init_install_ram_vector_table
 .preinit_array.11000
                0x00000000100079e0        0x4 CMakeFiles/rp2_flash_repl.dir/pico-sdk/src/common/pico_time/time.c.o
                0x00000000100079e0                __pre_init_runtime_init_default_alarm_pool
 .preinit_array.YYYYY
                0x00000000100079e4        0x4 CMakeFiles/rp2_flash_repl.dir/pico-sdk/src/rp2_common/pico_runtime/runtime.c.o
                0x00000000100079e4                __pre_init_first_per_core_initializer
 .preinit_array.ZZZZZ.01200
                0x00000000100079e8        0x4 CMakeFiles/rp2_flash_repl.dir/pico-sdk/src/rp2_common/hardware_irq/irq.c.o
                0x00000000100079e8                __pre_init_runtime_init_per_core_irq_priorities
 *(.preinit_array)
                0x00000000100079ec                PROVIDE (__preinit_array_end = .)
                0x00000000100079ec                . = ALIGN (0x4)
                0x00000000100079ec                PROVIDE (__init_array_start = .)
 *(SORT_BY_NAME(.init_array.*))
 .init_array.01000
                0x00000000100079ec        0x4 CMakeFiles/rp2_flash_repl.dir/pico-sdk/src/rp2_common/pico_unique_id/unique_id.c.o
 *(.init_array)
 .init_array    0x00000000100079f0        0x4 /usr/lib/gcc/arm-none-eabi/10.3.1/thumb/v6-m/nofp/crtbegin.o
                0x00000000100079f4                PROVIDE (__init_array_end = .)
                0x00000000100079f4                . = ALIGN (0x4)
                0x00000000100079f4                PROVIDE (__fini_array_start = .)
 *(SORT_BY_NAME(.fini_array.*))
 *(.fini_array)
                0x00000000100079f4                PROVIDE (__fini_array_end = .)
 *(.eh_frame*)
 .eh_frame      0x00000000100079f4        0x0 /usr/lib/gcc/arm-none-eabi/10.3.1/thumb/v6-m/nofp/crtbegin.o
                0x00000000100079f4                . = ALIGN (0x4)

.glue_7         0x00000000100079f4        0x0
 .glue_7        0x00000000100079f4        0x0 linker stubs

.glue_7t        0x00000000100079f4        0x0
 .glue_7t       0x00000000100079f4        0x0 linker stubs

.vfp11_veneer   0x00000000100079f4        0x0
 .vfp11_veneer  0x00000000100079f4        0x0 linker stubs

.v4_bx          0x00000000100079f4        0x0
 .v4_bx         0x00000000100079f4        0x0 linker stubs

.iplt           0x00000000100079f4        0x0
 .iplt          0x00000000100079f4        0x0 /usr/lib/gcc/arm-none-eabi/10.3.1/thumb/v6-m/nofp/crtbegin.o

.rodata         0x00000000100079f8      0xa58
 *(EXCLUDE_FILE(*libm.a: *libc.a:*lib_a-mem*.o *libgcc.a:) .rodata*)
 .rodata.repl_parse_newline.str1.4
                0x00000000100079f8       0x26 CMakeFiles/rp2_flash_repl.dir/main.c.o
                                         0x2a (size before relaxing)
 *fill*         0x0000000010007a1e        0x2 
 .rodata.main.str1.4
                0x0000000010007a20      0x1c9 CMakeFiles/rp2_flash_repl.dir/main.c.o
 *fill*         0x0000000010007be9        0x3 
 .rodata.main   0x0000000010007bec       0xb0 CMakeFiles/rp2_flash_repl.dir/main.c.o
 .rodata.__func__.0
                0x0000000010007c9c       0x14 CMakeFiles/rp2_flash_repl.dir/main.c.o
 .rodata.__func__.1
                0x0000000010007cb0       0x13 CMakeFiles/rp2_flash_repl.dir/main.c.o
 *fill*         0x0000000010007cc3        0x1 
 .rodata.__func__.2
                0x0000000010007cc4       0x12 CMakeFiles/rp2_flash_repl.dir/main.c.o
 *fill*         0x0000000010007cd6        0x2 
 .rodata.__func__.3
                0x0000000010007cd8       0x13 CMakeFiles/rp2_flash_repl.dir/main.c.o
 *fill*         0x0000000010007ceb        0x1 
 .rodata.__func__.4
                0x0000000010007cec       0x12 CMakeFiles/rp2_flash_repl.dir/main.c.o
 *fill*         0x0000000010007cfe        0x2 
 .rodata.__func__.5
                0x0000000010007d00       0x13 CMakeFiles/rp2_flash_repl.dir/main.c.o
 *fill*         0x0000000010007d13        0x1 
 .rodata.ice_flash_erase_sector.str1.4
                0x0000000010007d14        0x2 CMakeFiles/rp2_flash_repl.dir/pico-ice-sdk/src/ice_flash.c.o
 *fill*         0x0000000010007d16        0x2 
 .rodata.ice_flash_wakeup.str1.4
                0x0000000010007d18        0x2 CMakeFiles/rp2_flash_repl.dir/pico-ice-sdk/src/ice_flash.c.o
 *fill*         0x0000000010007d1a        0x2 
 .rodata.ice_flash_sleep.str1.4
                0x0000000010007d1c        0x2 CMakeFiles/rp2_flash_repl.dir/pico-ice-sdk/src/ice_flash.c.o
 *fill*         0x0000000010007d1e        0x2 
 .rodata.pico_fpga
                0x0000000010007d20       0x10 CMakeFiles/rp2_flash_repl.dir/pico-ice-sdk/src/ice_fpga_data.c.o
                0x0000000010007d20                pico_fpga
 .rodata.ice_cram_program
                0x0000000010007d30        0x8 CMakeFiles/rp2_flash_repl.dir/pico-ice-sdk/src/pico-sdk_ice_hal.c.o
 .rodata.ice_cram_program_instructions
                0x0000000010007d38        0x6 CMakeFiles/rp2_flash_repl.dir/pico-ice-sdk/src/pico-sdk_ice_hal.c.o
 *fill*         0x0000000010007d3e        0x2 
 .rodata.pi_spi_pins
                0x0000000010007d40       0x30 CMakeFiles/rp2_flash_repl.dir/pico-ice-sdk/src/pico-sdk_ice_hal.c.o
 .rodata.pi_spi_pins_clk_0
                0x0000000010007d70       0x10 CMakeFiles/rp2_flash_repl.dir/pico-ice-sdk/src/pico-sdk_ice_hal.c.o
                0x0000000010007d70                pi_spi_pins_clk_0
 .rodata.pi_spi_pins_clk_1
                0x0000000010007d80        0xc CMakeFiles/rp2_flash_repl.dir/pico-ice-sdk/src/pico-sdk_ice_hal.c.o
                0x0000000010007d80                pi_spi_pins_clk_1
 .rodata.pi_spi_pins_rx_0
                0x0000000010007d8c       0x10 CMakeFiles/rp2_flash_repl.dir/pico-ice-sdk/src/pico-sdk_ice_hal.c.o
                0x0000000010007d8c                pi_spi_pins_rx_0
 .rodata.pi_spi_pins_rx_1
                0x0000000010007d9c       0x10 CMakeFiles/rp2_flash_repl.dir/pico-ice-sdk/src/pico-sdk_ice_hal.c.o
                0x0000000010007d9c                pi_spi_pins_rx_1
 .rodata.pi_spi_pins_tx_0
                0x0000000010007dac       0x10 CMakeFiles/rp2_flash_repl.dir/pico-ice-sdk/src/pico-sdk_ice_hal.c.o
                0x0000000010007dac                pi_spi_pins_tx_0
 .rodata.pi_spi_pins_tx_1
                0x0000000010007dbc        0xc CMakeFiles/rp2_flash_repl.dir/pico-ice-sdk/src/pico-sdk_ice_hal.c.o
                0x0000000010007dbc                pi_spi_pins_tx_1
 .rodata.panic.str1.4
                0x0000000010007dc8       0x10 CMakeFiles/rp2_flash_repl.dir/pico-sdk/src/rp2_common/pico_platform_panic/panic.c.o
                                         0x12 (size before relaxing)
 .rodata.spin_lock_claim_unused.str1.4
                0x0000000010007dd8       0x1b CMakeFiles/rp2_flash_repl.dir/pico-sdk/src/rp2_common/hardware_sync/sync.c.o
 *fill*         0x0000000010007df3        0x1 
 .rodata.timer_hardware_alarm_claim.str1.4
                0x0000000010007df4       0x22 CMakeFiles/rp2_flash_repl.dir/pico-sdk/src/rp2_common/hardware_timer/timer.c.o
 *fill*         0x0000000010007e16        0x2 
 .rodata.user_irq_claim_unused.str1.4
                0x0000000010007e18       0x1b CMakeFiles/rp2_flash_repl.dir/pico-sdk/src/rp2_common/hardware_irq/irq.c.o
 *fill*         0x0000000010007e33        0x1 
 .rodata.pio_claim_unused_sm.str1.4
                0x0000000010007e34       0x24 CMakeFiles/rp2_flash_repl.dir/pico-sdk/src/rp2_common/hardware_pio/pio.c.o
 .rodata.hard_assertion_failure.str1.4
                0x0000000010007e58        0xc CMakeFiles/rp2_flash_repl.dir/pico-sdk/src/rp2_common/pico_runtime/runtime.c.o
 .rodata.str1.4
                0x0000000010007e64       0x50 CMakeFiles/rp2_flash_repl.dir/pico-sdk/src/rp2_common/pico_standard_binary_info/standard_binary_info.c.o
 .rodata.__bi_26
                0x0000000010007eb4        0xc CMakeFiles/rp2_flash_repl.dir/pico-sdk/src/rp2_common/pico_standard_binary_info/standard_binary_info.c.o
 .rodata.__bi_34
                0x0000000010007ec0        0xc CMakeFiles/rp2_flash_repl.dir/pico-sdk/src/rp2_common/pico_standard_binary_info/standard_binary_info.c.o
 .rodata.__bi_42
                0x0000000010007ecc        0xc CMakeFiles/rp2_flash_repl.dir/pico-sdk/src/rp2_common/pico_standard_binary_info/standard_binary_info.c.o
 .rodata.__bi_48
                0x0000000010007ed8        0xc CMakeFiles/rp2_flash_repl.dir/pico-sdk/src/rp2_common/pico_standard_binary_info/standard_binary_info.c.o
 .rodata.__bi_54
                0x0000000010007ee4        0xc CMakeFiles/rp2_flash_repl.dir/pico-sdk/src/rp2_common/pico_standard_binary_info/standard_binary_info.c.o
 .rodata.__bi_78
                0x0000000010007ef0        0xc CMakeFiles/rp2_flash_repl.dir/pico-sdk/src/rp2_common/pico_standard_binary_info/standard_binary_info.c.o
 .rodata.__bi_84
                0x0000000010007efc        0xc CMakeFiles/rp2_flash_repl.dir/pico-sdk/src/rp2_common/pico_standard_binary_info/standard_binary_info.c.o
 .rodata._ftoa.str1.4
                0x0000000010007f08       0x15 CMakeFiles/rp2_flash_repl.dir/pico-sdk/src/rp2_common/pico_printf/printf.c.o
 *fill*         0x0000000010007f1d        0x3 
 .rodata._vsnprintf
                0x0000000010007f20      0x1e0 CMakeFiles/rp2_flash_repl.dir/pico-sdk/src/rp2_common/pico_printf/printf.c.o
 .rodata.pow10.0
                0x0000000010008100       0x50 CMakeFiles/rp2_flash_repl.dir/pico-sdk/src/rp2_common/pico_printf/printf.c.o
 .rodata.crlf_str.0
                0x0000000010008150        0x2 CMakeFiles/rp2_flash_repl.dir/pico-sdk/src/rp2_common/pico_stdio/stdio.c.o
 *fill*         0x0000000010008152        0x2 
 .rodata._resetd_driver
                0x0000000010008154       0x20 CMakeFiles/rp2_flash_repl.dir/pico-sdk/src/rp2_common/pico_stdio_usb/reset_interface.c.o
 .rodata.desc_bos
                0x0000000010008174       0x21 CMakeFiles/rp2_flash_repl.dir/pico-sdk/src/rp2_common/pico_stdio_usb/reset_interface.c.o
                0x0000000010008174                desc_bos
 *fill*         0x0000000010008195        0x3 
 .rodata.desc_ms_os_20
                0x0000000010008198       0xa6 CMakeFiles/rp2_flash_repl.dir/pico-sdk/src/rp2_common/pico_stdio_usb/reset_interface.c.o
 *fill*         0x000000001000823e        0x2 
 .rodata.str1.4
                0x0000000010008240       0x13 CMakeFiles/rp2_flash_repl.dir/pico-sdk/src/rp2_common/pico_stdio_usb/stdio_usb.c.o
 *fill*         0x0000000010008253        0x1 
 .rodata.__bi_202.0
                0x0000000010008254        0xc CMakeFiles/rp2_flash_repl.dir/pico-sdk/src/rp2_common/pico_stdio_usb/stdio_usb.c.o
 .rodata.str1.4
                0x0000000010008260       0x2a CMakeFiles/rp2_flash_repl.dir/pico-sdk/src/rp2_common/pico_stdio_usb/stdio_usb_descriptors.c.o
 *fill*         0x000000001000828a        0x2 
 .rodata.usbd_desc_cfg
                0x000000001000828c       0x54 CMakeFiles/rp2_flash_repl.dir/pico-sdk/src/rp2_common/pico_stdio_usb/stdio_usb_descriptors.c.o
 .rodata.usbd_desc_device
                0x00000000100082e0       0x12 CMakeFiles/rp2_flash_repl.dir/pico-sdk/src/rp2_common/pico_stdio_usb/stdio_usb_descriptors.c.o
 *fill*         0x00000000100082f2        0x2 
 .rodata.usbd_desc_str
                0x00000000100082f4       0x18 CMakeFiles/rp2_flash_repl.dir/pico-sdk/src/rp2_common/pico_stdio_usb/stdio_usb_descriptors.c.o
 .rodata.str1.4
                0x000000001000830c       0x14 CMakeFiles/rp2_flash_repl.dir/pico-sdk/lib/tinyusb/src/portable/raspberrypi/rp2040/dcd_rp2040.c.o
 .rodata.str1.4
                0x0000000010008320       0x48 CMakeFiles/rp2_flash_repl.dir/pico-sdk/lib/tinyusb/src/portable/raspberrypi/rp2040/rp2040_usb.c.o
 .rodata.tud_task_ext
                0x0000000010008368       0x8c CMakeFiles/rp2_flash_repl.dir/pico-sdk/lib/tinyusb/src/device/usbd.c.o
 .rodata        0x00000000100083f4       0x1c CMakeFiles/rp2_flash_repl.dir/pico-sdk/lib/tinyusb/src/device/usbd.c.o
 .rodata._usbd_driver
                0x0000000010008410       0x40 CMakeFiles/rp2_flash_repl.dir/pico-sdk/lib/tinyusb/src/device/usbd.c.o
                0x0000000010008450                . = ALIGN (0x4)
 *(SORT_BY_ALIGNMENT(SORT_BY_NAME(.flashdata*)))
                0x0000000010008450                . = ALIGN (0x4)

.ARM.extab
 *(.ARM.extab* .gnu.linkonce.armextab.*)
                0x0000000010008450                __exidx_start = .

.ARM.exidx
 *(.ARM.exidx* .gnu.linkonce.armexidx.*)
                0x0000000010008450                __exidx_end = .
                0x0000000010008450                . = ALIGN (0x4)
                0x0000000010008450                __binary_info_start = .

.binary_info    0x0000000010008450       0x20
 *(.binary_info.keep.*)
 .binary_info.keep.__bi_ptr26
                0x0000000010008450        0x4 CMakeFiles/rp2_flash_repl.dir/pico-sdk/src/rp2_common/pico_standard_binary_info/standard_binary_info.c.o
 .binary_info.keep.__bi_ptr34
                0x0000000010008454        0x4 CMakeFiles/rp2_flash_repl.dir/pico-sdk/src/rp2_common/pico_standard_binary_info/standard_binary_info.c.o
 .binary_info.keep.__bi_ptr42
                0x0000000010008458        0x4 CMakeFiles/rp2_flash_repl.dir/pico-sdk/src/rp2_common/pico_standard_binary_info/standard_binary_info.c.o
 .binary_info.keep.__bi_ptr48
                0x000000001000845c        0x4 CMakeFiles/rp2_flash_repl.dir/pico-sdk/src/rp2_common/pico_standard_binary_info/standard_binary_info.c.o
 .binary_info.keep.__bi_ptr54
                0x0000000010008460        0x4 CMakeFiles/rp2_flash_repl.dir/pico-sdk/src/rp2_common/pico_standard_binary_info/standard_binary_info.c.o
 .binary_info.keep.__bi_ptr78
                0x0000000010008464        0x4 CMakeFiles/rp2_flash_repl.dir/pico-sdk/src/rp2_common/pico_standard_binary_info/standard_binary_info.c.o
 .binary_info.keep.__bi_ptr84
                0x0000000010008468        0x4 CMakeFiles/rp2_flash_repl.dir/pico-sdk/src/rp2_common/pico_standard_binary_info/standard_binary_info.c.o
 *(.binary_info.*)
 .binary_info.__bi_ptr202
                0x000000001000846c        0x4 CMakeFiles/rp2_flash_repl.dir/pico-sdk/src/rp2_common/pico_stdio_usb/stdio_usb.c.o
                0x0000000010008470                __binary_info_end = .

.rel.dyn        0x0000000010008470        0x0
 .rel.iplt      0x0000000010008470        0x0 /usr/lib/gcc/arm-none-eabi/10.3.1/thumb/v6-m/nofp/crtbegin.o
                0x0000000010008470                . = ALIGN (0x4)

.ram_vector_table
                0x0000000020000000       0xc0
 *(.ram_vector_table)
 .ram_vector_table
                0x0000000020000000       0xc0 CMakeFiles/rp2_flash_repl.dir/pico-sdk/src/rp2_common/pico_runtime_init/runtime_init.c.o
                0x0000000020000000                ram_vector_table

.uninitialized_data
                0x00000000200000c0        0x0
                0x00000000200000c0                . = ALIGN (0x4)
 *(.uninitialized_data*)

.data           0x00000000200000c0     0x1090 load address 0x0000000010008470
                0x00000000200000c0                __data_start__ = .
 *(vtable)
 *(.time_critical*)
 .time_critical.flash_init_boot2_copyout
                0x00000000200000c0       0x30 CMakeFiles/rp2_flash_repl.dir/pico-sdk/src/rp2_common/hardware_flash/flash.c.o
 .time_critical.flash_enable_xip_via_boot2
                0x00000000200000f0       0x10 CMakeFiles/rp2_flash_repl.dir/pico-sdk/src/rp2_common/hardware_flash/flash.c.o
 .time_critical.flash_cs_force
                0x0000000020000100       0x38 CMakeFiles/rp2_flash_repl.dir/pico-sdk/src/rp2_common/hardware_flash/flash.c.o
 .time_critical.flash_do_cmd
                0x0000000020000138       0xc4 CMakeFiles/rp2_flash_repl.dir/pico-sdk/src/rp2_common/hardware_flash/flash.c.o
                0x0000000020000138                flash_do_cmd
 .time_critical.mutex_try_enter
                0x00000000200001fc       0x44 CMakeFiles/rp2_flash_repl.dir/pico-sdk/src/common/pico_sync/mutex.c.o
                0x00000000200001fc                mutex_try_enter
 .time_critical.mutex_try_enter_block_until
                0x0000000020000240       0x9c CMakeFiles/rp2_flash_repl.dir/pico-sdk/src/common/pico_sync/mutex.c.o
                0x0000000020000240                mutex_try_enter_block_until
 .time_critical.mutex_enter_timeout_ms
                0x00000000200002dc       0x90 CMakeFiles/rp2_flash_repl.dir/pico-sdk/src/common/pico_sync/mutex.c.o
                0x00000000200002dc                mutex_enter_timeout_ms
 .time_critical.mutex_exit
                0x000000002000036c       0x28 CMakeFiles/rp2_flash_repl.dir/pico-sdk/src/common/pico_sync/mutex.c.o
                0x000000002000036c                mutex_exit
 .time_critical.spi_write_blocking
                0x0000000020000394       0x4c CMakeFiles/rp2_flash_repl.dir/pico-sdk/src/rp2_common/hardware_spi/spi.c.o
                0x0000000020000394                spi_write_blocking
 .time_critical.spi_read_blocking
                0x00000000200003e0       0x74 CMakeFiles/rp2_flash_repl.dir/pico-sdk/src/rp2_common/hardware_spi/spi.c.o
                0x00000000200003e0                spi_read_blocking
 .time_critical.reset_non_control_endpoints
                0x0000000020000454       0xbc CMakeFiles/rp2_flash_repl.dir/pico-sdk/lib/tinyusb/src/portable/raspberrypi/rp2040/dcd_rp2040.c.o
 .time_critical.hw_handle_buff_status
                0x0000000020000510       0x98 CMakeFiles/rp2_flash_repl.dir/pico-sdk/lib/tinyusb/src/portable/raspberrypi/rp2040/dcd_rp2040.c.o
 .time_critical.dcd_rp2040_irq
                0x00000000200005a8      0x530 CMakeFiles/rp2_flash_repl.dir/pico-sdk/lib/tinyusb/src/portable/raspberrypi/rp2040/dcd_rp2040.c.o
 .time_critical.prepare_ep_buffer
                0x0000000020000ad8       0xf4 CMakeFiles/rp2_flash_repl.dir/pico-sdk/lib/tinyusb/src/portable/raspberrypi/rp2040/rp2040_usb.c.o
 .time_critical.sync_ep_buffer
                0x0000000020000bcc       0xb4 CMakeFiles/rp2_flash_repl.dir/pico-sdk/lib/tinyusb/src/portable/raspberrypi/rp2040/rp2040_usb.c.o
 .time_critical._hw_endpoint_xfer_sync
                0x0000000020000c80       0x28 CMakeFiles/rp2_flash_repl.dir/pico-sdk/lib/tinyusb/src/portable/raspberrypi/rp2040/rp2040_usb.c.o
 .time_critical.e15_is_bulkin_ep
                0x0000000020000ca8       0x28 CMakeFiles/rp2_flash_repl.dir/pico-sdk/lib/tinyusb/src/portable/raspberrypi/rp2040/rp2040_usb.c.o
 .time_critical.e15_is_critical_frame_period
                0x0000000020000cd0       0x34 CMakeFiles/rp2_flash_repl.dir/pico-sdk/lib/tinyusb/src/portable/raspberrypi/rp2040/rp2040_usb.c.o
 .time_critical.hw_endpoint_reset_transfer
                0x0000000020000d04        0xc CMakeFiles/rp2_flash_repl.dir/pico-sdk/lib/tinyusb/src/portable/raspberrypi/rp2040/rp2040_usb.c.o
                0x0000000020000d04                hw_endpoint_reset_transfer
 .time_critical._hw_endpoint_buffer_control_update32
                0x0000000020000d10       0x50 CMakeFiles/rp2_flash_repl.dir/pico-sdk/lib/tinyusb/src/portable/raspberrypi/rp2040/rp2040_usb.c.o
                0x0000000020000d10                _hw_endpoint_buffer_control_update32
 .time_critical.hw_endpoint_start_next_buffer
                0x0000000020000d60       0x6c CMakeFiles/rp2_flash_repl.dir/pico-sdk/lib/tinyusb/src/portable/raspberrypi/rp2040/rp2040_usb.c.o
                0x0000000020000d60                hw_endpoint_start_next_buffer
 .time_critical.hw_endpoint_xfer_continue
                0x0000000020000dcc       0x40 CMakeFiles/rp2_flash_repl.dir/pico-sdk/lib/tinyusb/src/portable/raspberrypi/rp2040/rp2040_usb.c.o
                0x0000000020000dcc                hw_endpoint_xfer_continue
 .time_critical.tinyusb
                0x0000000020000e0c      0x1f0 CMakeFiles/rp2_flash_repl.dir/pico-sdk/lib/tinyusb/src/device/usbd.c.o
                0x0000000020000e0c                dcd_event_handler
 *(.text*)
 .text          0x0000000020000ffc        0x4 /usr/lib/gcc/arm-none-eabi/10.3.1/thumb/v6-m/nofp/libgcc.a(_dvmd_tls.o)
                0x0000000020000ffc                __aeabi_ldiv0
                0x0000000020000ffc                __aeabi_idiv0
 .text.__stub   0x0000000020001000       0x80 linker stubs
                0x0000000020001080                . = ALIGN (0x4)
 *(.rodata*)
                0x0000000020001080                . = ALIGN (0x4)
 *(.data*)
 .data.striped_spin_lock_num
                0x0000000020001080        0x1 CMakeFiles/rp2_flash_repl.dir/pico-sdk/src/rp2_common/hardware_sync/sync.c.o
 *fill*         0x0000000020001081        0x3 
 .data.default_alarm_pool
                0x0000000020001084       0x18 CMakeFiles/rp2_flash_repl.dir/pico-sdk/src/common/pico_time/time.c.o
 .data          0x000000002000109c       0x48 CMakeFiles/rp2_flash_repl.dir/pico-sdk/src/rp2_common/hardware_irq/irq_handler_chain.S.o
                0x000000002000109c                irq_handler_chain_slots
                0x00000000200010cc                irq_handler_chain_first_slot
                0x00000000200010d6                irq_handler_chain_remove_tail
 *fill*         0x00000000200010e4        0xc 
 .data.aeabi_bits_funcs
                0x00000000200010f0       0x10 CMakeFiles/rp2_flash_repl.dir/pico-sdk/src/rp2_common/pico_bit_ops/bit_ops_aeabi.S.o
                0x00000000200010f0                aeabi_bits_funcs
                0x0000000020001100                aeabi_bits_funcs_end
 .data.aeabi_mem_funcs
                0x0000000020001100       0x10 CMakeFiles/rp2_flash_repl.dir/pico-sdk/src/rp2_common/pico_mem_ops/mem_ops_aeabi.S.o
                0x0000000020001100                aeabi_mem_funcs
                0x0000000020001110                aeabi_mem_funcs_end
 .data.stdio_usb
                0x0000000020001110       0x18 CMakeFiles/rp2_flash_repl.dir/pico-sdk/src/rp2_common/pico_stdio_usb/stdio_usb.c.o
                0x0000000020001110                stdio_usb
 .data._usbd_qdef
                0x0000000020001128       0x1c CMakeFiles/rp2_flash_repl.dir/pico-sdk/lib/tinyusb/src/device/usbd.c.o
                0x0000000020001128                _usbd_qdef
 .data._usbd_rhport
                0x0000000020001144        0x1 CMakeFiles/rp2_flash_repl.dir/pico-sdk/lib/tinyusb/src/device/usbd.c.o
                0x0000000020001148                . = ALIGN (0x4)
 *fill*         0x0000000020001145        0x3 
 *(.after_data.*)
                0x0000000020001148                . = ALIGN (0x4)
                0x0000000020001148                PROVIDE (__mutex_array_start = .)
 *(SORT_BY_NAME(.mutex_array.*))
 *(.mutex_array)
 .mutex_array   0x0000000020001148        0x8 CMakeFiles/rp2_flash_repl.dir/pico-sdk/src/rp2_common/pico_stdio/stdio.c.o
                0x0000000020001150                PROVIDE (__mutex_array_end = .)
                0x0000000020001150                . = ALIGN (0x4)
 *(.jcr)
                0x0000000020001150                . = ALIGN (0x4)

.tm_clone_table
                0x0000000020001150        0x0 load address 0x0000000010009500
 .tm_clone_table
                0x0000000020001150        0x0 /usr/lib/gcc/arm-none-eabi/10.3.1/thumb/v6-m/nofp/crtbegin.o
 .tm_clone_table
                0x0000000020001150        0x0 /usr/lib/gcc/arm-none-eabi/10.3.1/thumb/v6-m/nofp/crtend.o

.igot.plt       0x0000000020001150        0x0 load address 0x0000000010009500
 .igot.plt      0x0000000020001150        0x0 /usr/lib/gcc/arm-none-eabi/10.3.1/thumb/v6-m/nofp/crtbegin.o

.tdata          0x0000000020001150        0x0 load address 0x0000000010009500
                0x0000000020001150                . = ALIGN (0x4)
 *(.tdata .tdata.* .gnu.linkonce.td.*)
                0x0000000020001150                __tdata_end = .
                0x0000000020001150                PROVIDE (__data_end__ = .)
                0x0000000010008470                __etext = LOADADDR (.data)

.tbss           0x0000000020001150        0x0 load address 0x0000000010009500
                0x0000000020001150                . = ALIGN (0x4)
                0x0000000020001150                __bss_start__ = .
                0x0000000020001150                __tls_base = .
 *(.tbss .tbss.* .gnu.linkonce.tb.*)
 *(.tcommon)
                0x0000000020001150                __tls_end = .

.bss            0x0000000020001150      0xf34 load address 0x0000000010009500
                0x0000000020001150                . = ALIGN (0x4)
                0x0000000020001150                __tbss_end = .
 *(SORT_BY_ALIGNMENT(SORT_BY_NAME(.bss*)))
 .bss.default_alarm_pool_entries
                0x0000000020001150      0x180 CMakeFiles/rp2_flash_repl.dir/pico-sdk/src/common/pico_time/time.c.o
 .bss.last_avail_time.1
                0x00000000200012d0        0x8 CMakeFiles/rp2_flash_repl.dir/pico-sdk/src/rp2_common/pico_stdio_usb/stdio_usb.c.o
 .bss.sd_table  0x00000000200012d8      0x100 CMakeFiles/rp2_flash_repl.dir/pico-sdk/src/rp2_common/pico_double/double_init_rom_rp2040.c.o
                0x00000000200012d8                sd_table
 .bss.sf_table  0x00000000200013d8      0x100 CMakeFiles/rp2_flash_repl.dir/pico-sdk/src/rp2_common/pico_float/float_init_rom_rp2040.c.o
                0x00000000200013d8                sf_table
 .bss           0x00000000200014d8       0x1c /usr/lib/gcc/arm-none-eabi/10.3.1/thumb/v6-m/nofp/crtbegin.o
 .bss._app_driver
                0x00000000200014f4        0x4 CMakeFiles/rp2_flash_repl.dir/pico-sdk/lib/tinyusb/src/device/usbd.c.o
 .bss._cdcd_epbuf
                0x00000000200014f8       0x80 CMakeFiles/rp2_flash_repl.dir/pico-sdk/lib/tinyusb/src/class/cdc/cdc_device.c.o
 .bss._cdcd_fifo_cfg
                0x0000000020001578        0x1 CMakeFiles/rp2_flash_repl.dir/pico-sdk/lib/tinyusb/src/class/cdc/cdc_device.c.o
 *fill*         0x0000000020001579        0x3 
 .bss._cdcd_itf
                0x000000002000157c       0xc8 CMakeFiles/rp2_flash_repl.dir/pico-sdk/lib/tinyusb/src/class/cdc/cdc_device.c.o
 .bss._ctrl_epbuf
                0x0000000020001644       0x40 CMakeFiles/rp2_flash_repl.dir/pico-sdk/lib/tinyusb/src/device/usbd_control.c.o
 .bss._ctrl_xfer
                0x0000000020001684       0x14 CMakeFiles/rp2_flash_repl.dir/pico-sdk/lib/tinyusb/src/device/usbd_control.c.o
 .bss._tusb_rhport_role
                0x0000000020001698        0x2 CMakeFiles/rp2_flash_repl.dir/pico-sdk/lib/tinyusb/src/tusb.c.o
                0x0000000020001698                _tusb_rhport_role
 *fill*         0x000000002000169a        0x2 
 .bss._ubsd_mutexdef
                0x000000002000169c        0x8 CMakeFiles/rp2_flash_repl.dir/pico-sdk/lib/tinyusb/src/device/usbd.c.o
 .bss._usbd_dev
                0x00000000200016a4       0x54 CMakeFiles/rp2_flash_repl.dir/pico-sdk/lib/tinyusb/src/device/usbd.c.o
 .bss._usbd_mutex
                0x00000000200016f8        0x4 CMakeFiles/rp2_flash_repl.dir/pico-sdk/lib/tinyusb/src/device/usbd.c.o
 .bss._usbd_q   0x00000000200016fc        0x4 CMakeFiles/rp2_flash_repl.dir/pico-sdk/lib/tinyusb/src/device/usbd.c.o
 .bss._usbd_qdef_buf
                0x0000000020001700       0xc0 CMakeFiles/rp2_flash_repl.dir/pico-sdk/lib/tinyusb/src/device/usbd.c.o
                0x0000000020001700                _usbd_qdef_buf
 .bss._used_instruction_space
                0x00000000200017c0        0x8 CMakeFiles/rp2_flash_repl.dir/pico-sdk/src/rp2_common/hardware_pio/pio.c.o
 .bss._vendord_epbuf
                0x00000000200017c8       0x80 CMakeFiles/rp2_flash_repl.dir/pico-sdk/lib/tinyusb/src/class/vendor/vendor_device.c.o
 .bss._vendord_itf
                0x0000000020001848      0x24c CMakeFiles/rp2_flash_repl.dir/pico-sdk/lib/tinyusb/src/class/vendor/vendor_device.c.o
 .bss.boot2_copyout
                0x0000000020001a94      0x100 CMakeFiles/rp2_flash_repl.dir/pico-sdk/src/rp2_common/hardware_flash/flash.c.o
 .bss.chars_available_callback
                0x0000000020001b94        0x4 CMakeFiles/rp2_flash_repl.dir/pico-sdk/src/rp2_common/pico_stdio_usb/stdio_usb.c.o
 .bss.chars_available_param
                0x0000000020001b98        0x4 CMakeFiles/rp2_flash_repl.dir/pico-sdk/src/rp2_common/pico_stdio_usb/stdio_usb.c.o
 .bss.claimed   0x0000000020001b9c        0x4 CMakeFiles/rp2_flash_repl.dir/pico-sdk/src/rp2_common/hardware_sync/sync.c.o
 .bss.claimed   0x0000000020001ba0        0x1 CMakeFiles/rp2_flash_repl.dir/pico-sdk/src/rp2_common/hardware_timer/timer.c.o
 *fill*         0x0000000020001ba1        0x3 
 .bss.claimed   0x0000000020001ba4        0x1 CMakeFiles/rp2_flash_repl.dir/pico-sdk/src/rp2_common/hardware_pio/pio.c.o
 *fill*         0x0000000020001ba5        0x3 
 .bss.configured_freq
                0x0000000020001ba8       0x28 CMakeFiles/rp2_flash_repl.dir/pico-sdk/src/rp2_common/hardware_clocks/clocks.c.o
 .bss.desc_str.0
                0x0000000020001bd0       0x28 CMakeFiles/rp2_flash_repl.dir/pico-sdk/src/rp2_common/pico_stdio_usb/stdio_usb_descriptors.c.o
 .bss.device    0x0000000020001bf8        0x4 CMakeFiles/rp2_flash_repl.dir/pico-ice-sdk/src/pico-sdk_ice_hal.c.o
 .bss.drivers   0x0000000020001bfc        0x4 CMakeFiles/rp2_flash_repl.dir/pico-sdk/src/rp2_common/pico_stdio/stdio.c.o
 .bss.e15_last_sof
                0x0000000020001c00        0x4 CMakeFiles/rp2_flash_repl.dir/pico-sdk/lib/tinyusb/src/portable/raspberrypi/rp2040/rp2040_usb.c.o
                0x0000000020001c00                e15_last_sof
 .bss.filter    0x0000000020001c04        0x4 CMakeFiles/rp2_flash_repl.dir/pico-sdk/src/rp2_common/pico_stdio/stdio.c.o
 .bss.hal_clk   0x0000000020001c08        0x4 CMakeFiles/rp2_flash_repl.dir/pico-ice-sdk/src/pico-sdk_ice_hal.c.o
 .bss.hal_miso  0x0000000020001c0c        0x4 CMakeFiles/rp2_flash_repl.dir/pico-ice-sdk/src/pico-sdk_ice_hal.c.o
 .bss.hal_mosi  0x0000000020001c10        0x4 CMakeFiles/rp2_flash_repl.dir/pico-ice-sdk/src/pico-sdk_ice_hal.c.o
 .bss.hw_endpoints
                0x0000000020001c14      0x400 CMakeFiles/rp2_flash_repl.dir/pico-sdk/lib/tinyusb/src/portable/raspberrypi/rp2040/dcd_rp2040.c.o
 .bss.lazy_vsnprintf
                0x0000000020002014        0x4 CMakeFiles/rp2_flash_repl.dir/pico-sdk/src/rp2_common/pico_printf/printf.c.o
 .bss.load_value
                0x0000000020002018        0x4 CMakeFiles/rp2_flash_repl.dir/pico-sdk/src/rp2_common/hardware_watchdog/watchdog.c.o
 .bss.next_buffer_ptr
                0x000000002000201c        0x4 CMakeFiles/rp2_flash_repl.dir/pico-sdk/lib/tinyusb/src/portable/raspberrypi/rp2040/dcd_rp2040.c.o
 .bss.offset    0x0000000020002020        0x4 CMakeFiles/rp2_flash_repl.dir/pico-ice-sdk/src/pico-sdk_ice_hal.c.o
 .bss.one_shot_timer_crit_sec
                0x0000000020002024        0x8 CMakeFiles/rp2_flash_repl.dir/pico-sdk/src/rp2_common/pico_stdio_usb/stdio_usb.c.o
 .bss.pio       0x000000002000202c        0x4 CMakeFiles/rp2_flash_repl.dir/pico-ice-sdk/src/pico-sdk_ice_hal.c.o
 .bss.pools     0x0000000020002030       0x10 CMakeFiles/rp2_flash_repl.dir/pico-sdk/src/common/pico_time/time.c.o
 .bss.repl_address
                0x0000000020002040        0x4 CMakeFiles/rp2_flash_repl.dir/main.c.o
                0x0000000020002040                repl_address
 .bss.repl_last_char
                0x0000000020002044        0x4 CMakeFiles/rp2_flash_repl.dir/main.c.o
                0x0000000020002044                repl_last_char
 .bss.retrieved_id
                0x0000000020002048        0x8 CMakeFiles/rp2_flash_repl.dir/pico-sdk/src/rp2_common/pico_unique_id/unique_id.c.o
 .bss.sf_clz_func
                0x0000000020002050        0x4 CMakeFiles/rp2_flash_repl.dir/pico-sdk/src/rp2_common/pico_double/double_init_rom_rp2040.c.o
                0x0000000020002050                sf_clz_func
 .bss.sleep_notifier
                0x0000000020002054        0x4 CMakeFiles/rp2_flash_repl.dir/pico-sdk/src/common/pico_time/time.c.o
 .bss.sm        0x0000000020002058        0x4 CMakeFiles/rp2_flash_repl.dir/pico-ice-sdk/src/pico-sdk_ice_hal.c.o
 .bss.stdio_usb_mutex
                0x000000002000205c        0x8 CMakeFiles/rp2_flash_repl.dir/pico-sdk/src/rp2_common/pico_stdio_usb/stdio_usb.c.o
 .bss.usbd_serial_str
                0x0000000020002064       0x11 CMakeFiles/rp2_flash_repl.dir/pico-sdk/src/rp2_common/pico_stdio_usb/stdio_usb_descriptors.c.o
 .bss._app_driver_count
                0x0000000020002075        0x1 CMakeFiles/rp2_flash_repl.dir/pico-sdk/lib/tinyusb/src/device/usbd.c.o
 .bss._sof_enable
                0x0000000020002076        0x1 CMakeFiles/rp2_flash_repl.dir/pico-sdk/lib/tinyusb/src/portable/raspberrypi/rp2040/dcd_rp2040.c.o
 .bss._usbd_queued_setup
                0x0000000020002077        0x1 CMakeFiles/rp2_flash_repl.dir/pico-sdk/lib/tinyusb/src/device/usbd.c.o
 .bss.boot2_copyout_valid
                0x0000000020002078        0x1 CMakeFiles/rp2_flash_repl.dir/pico-sdk/src/rp2_common/hardware_flash/flash.c.o
 .bss.has_spi   0x0000000020002079        0x1 CMakeFiles/rp2_flash_repl.dir/pico-ice-sdk/src/pico-sdk_ice_hal.c.o
 .bss.irq_handler_chain_free_slot_head
                0x000000002000207a        0x1 CMakeFiles/rp2_flash_repl.dir/pico-sdk/src/rp2_common/hardware_irq/irq.c.o
 .bss.is_pio    0x000000002000207b        0x1 CMakeFiles/rp2_flash_repl.dir/pico-ice-sdk/src/pico-sdk_ice_hal.c.o
 .bss.itf_num   0x000000002000207c        0x1 CMakeFiles/rp2_flash_repl.dir/pico-sdk/src/rp2_common/pico_stdio_usb/reset_interface.c.o
 .bss.low_priority_irq_num
                0x000000002000207d        0x1 CMakeFiles/rp2_flash_repl.dir/pico-sdk/src/rp2_common/pico_stdio_usb/stdio_usb.c.o
 .bss.one_shot_timer_pending
                0x000000002000207e        0x1 CMakeFiles/rp2_flash_repl.dir/pico-sdk/src/rp2_common/pico_stdio_usb/stdio_usb.c.o
 .bss.repl_last_held
                0x000000002000207f        0x1 CMakeFiles/rp2_flash_repl.dir/main.c.o
                0x000000002000207f                repl_last_held
 .bss.user_irq_claimed
                0x0000000020002080        0x1 CMakeFiles/rp2_flash_repl.dir/pico-sdk/src/rp2_common/hardware_irq/irq.c.o
 *(COMMON)
                0x0000000020002084                . = ALIGN (0x4)
 *fill*         0x0000000020002081        0x3 
                0x0000000020002084                __bss_end__ = .

.heap           0x0000000020002084      0x800 load address 0x0000000010009500
                0x0000000020002084                __end__ = .
                0x0000000020002084                end = __end__
 *(.heap*)
 .heap          0x0000000020002084      0x800 CMakeFiles/rp2_flash_repl.dir/pico-sdk/src/rp2_common/pico_crt0/crt0.S.o
                0x0000000020040000                __HeapLimit = (ORIGIN (RAM) + LENGTH (RAM))

.scratch_x      0x0000000020040000        0x0 load address 0x0000000010009500
                0x0000000020040000                __scratch_x_start__ = .
 *(.scratch_x.*)
                0x0000000020040000                . = ALIGN (0x4)